Archive member included to satisfy reference by file (symbol)

/opt/st/stm32cubeide_1.18.1/plugins/com.st.stm32cube.ide.mcu.externaltools.gnu-tools-for-stm32.13.3.rel1.linux64_1.0.0.202410170706/tools/bin/../lib/gcc/arm-none-eabi/13.3.1/../../../../arm-none-eabi/lib/thumb/v7-m/nofp/libc_nano.a(libc_a-exit.o)
                              /opt/st/stm32cubeide_1.18.1/plugins/com.st.stm32cube.ide.mcu.externaltools.gnu-tools-for-stm32.13.3.rel1.linux64_1.0.0.202410170706/tools/bin/../lib/gcc/arm-none-eabi/13.3.1/../../../../arm-none-eabi/lib/thumb/v7-m/nofp/crt0.o (exit)
/opt/st/stm32cubeide_1.18.1/plugins/com.st.stm32cube.ide.mcu.externaltools.gnu-tools-for-stm32.13.3.rel1.linux64_1.0.0.202410170706/tools/bin/../lib/gcc/arm-none-eabi/13.3.1/../../../../arm-none-eabi/lib/thumb/v7-m/nofp/libc_nano.a(libc_a-ctype_.o)
                              ./Core/DahuaEvents/http_digest.o (_ctype_)
/opt/st/stm32cubeide_1.18.1/plugins/com.st.stm32cube.ide.mcu.externaltools.gnu-tools-for-stm32.13.3.rel1.linux64_1.0.0.202410170706/tools/bin/../lib/gcc/arm-none-eabi/13.3.1/../../../../arm-none-eabi/lib/thumb/v7-m/nofp/libc_nano.a(libc_a-findfp.o)
                              /opt/st/stm32cubeide_1.18.1/plugins/com.st.stm32cube.ide.mcu.externaltools.gnu-tools-for-stm32.13.3.rel1.linux64_1.0.0.202410170706/tools/bin/../lib/gcc/arm-none-eabi/13.3.1/../../../../arm-none-eabi/lib/thumb/v7-m/nofp/libc_nano.a(libc_a-exit.o) (__stdio_exit_handler)
/opt/st/stm32cubeide_1.18.1/plugins/com.st.stm32cube.ide.mcu.externaltools.gnu-tools-for-stm32.13.3.rel1.linux64_1.0.0.202410170706/tools/bin/../lib/gcc/arm-none-eabi/13.3.1/../../../../arm-none-eabi/lib/thumb/v7-m/nofp/libc_nano.a(libc_a-fwalk.o)
                              /opt/st/stm32cubeide_1.18.1/plugins/com.st.stm32cube.ide.mcu.externaltools.gnu-tools-for-stm32.13.3.rel1.linux64_1.0.0.202410170706/tools/bin/../lib/gcc/arm-none-eabi/13.3.1/../../../../arm-none-eabi/lib/thumb/v7-m/nofp/libc_nano.a(libc_a-findfp.o) (_fwalk_sglue)
/opt/st/stm32cubeide_1.18.1/plugins/com.st.stm32cube.ide.mcu.externaltools.gnu-tools-for-stm32.13.3.rel1.linux64_1.0.0.202410170706/tools/bin/../lib/gcc/arm-none-eabi/13.3.1/../../../../arm-none-eabi/lib/thumb/v7-m/nofp/libc_nano.a(libc_a-printf.o)
                              ./Core/Src/socket_server.o (printf)
/opt/st/stm32cubeide_1.18.1/plugins/com.st.stm32cube.ide.mcu.externaltools.gnu-tools-for-stm32.13.3.rel1.linux64_1.0.0.202410170706/tools/bin/../lib/gcc/arm-none-eabi/13.3.1/../../../../arm-none-eabi/lib/thumb/v7-m/nofp/libc_nano.a(libc_a-snprintf.o)
                              ./Core/DahuaEvents/client.o (snprintf)
/opt/st/stm32cubeide_1.18.1/plugins/com.st.stm32cube.ide.mcu.externaltools.gnu-tools-for-stm32.13.3.rel1.linux64_1.0.0.202410170706/tools/bin/../lib/gcc/arm-none-eabi/13.3.1/../../../../arm-none-eabi/lib/thumb/v7-m/nofp/libc_nano.a(libc_a-sprintf.o)
                              ./Core/DahuaEvents/hash.o (sprintf)
/opt/st/stm32cubeide_1.18.1/plugins/com.st.stm32cube.ide.mcu.externaltools.gnu-tools-for-stm32.13.3.rel1.linux64_1.0.0.202410170706/tools/bin/../lib/gcc/arm-none-eabi/13.3.1/../../../../arm-none-eabi/lib/thumb/v7-m/nofp/libc_nano.a(libc_a-stdio.o)
                              /opt/st/stm32cubeide_1.18.1/plugins/com.st.stm32cube.ide.mcu.externaltools.gnu-tools-for-stm32.13.3.rel1.linux64_1.0.0.202410170706/tools/bin/../lib/gcc/arm-none-eabi/13.3.1/../../../../arm-none-eabi/lib/thumb/v7-m/nofp/libc_nano.a(libc_a-findfp.o) (__sread)
/opt/st/stm32cubeide_1.18.1/plugins/com.st.stm32cube.ide.mcu.externaltools.gnu-tools-for-stm32.13.3.rel1.linux64_1.0.0.202410170706/tools/bin/../lib/gcc/arm-none-eabi/13.3.1/../../../../arm-none-eabi/lib/thumb/v7-m/nofp/libc_nano.a(libc_a-vsnprintf.o)
                              ./Core/DahuaEvents/client.o (vsnprintf)
/opt/st/stm32cubeide_1.18.1/plugins/com.st.stm32cube.ide.mcu.externaltools.gnu-tools-for-stm32.13.3.rel1.linux64_1.0.0.202410170706/tools/bin/../lib/gcc/arm-none-eabi/13.3.1/../../../../arm-none-eabi/lib/thumb/v7-m/nofp/libc_nano.a(libc_a-memset.o)
                              /opt/st/stm32cubeide_1.18.1/plugins/com.st.stm32cube.ide.mcu.externaltools.gnu-tools-for-stm32.13.3.rel1.linux64_1.0.0.202410170706/tools/bin/../lib/gcc/arm-none-eabi/13.3.1/../../../../arm-none-eabi/lib/thumb/v7-m/nofp/crt0.o (memset)
/opt/st/stm32cubeide_1.18.1/plugins/com.st.stm32cube.ide.mcu.externaltools.gnu-tools-for-stm32.13.3.rel1.linux64_1.0.0.202410170706/tools/bin/../lib/gcc/arm-none-eabi/13.3.1/../../../../arm-none-eabi/lib/thumb/v7-m/nofp/libc_nano.a(libc_a-strchr.o)
                              ./Core/DahuaEvents/http_digest.o (strchr)
/opt/st/stm32cubeide_1.18.1/plugins/com.st.stm32cube.ide.mcu.externaltools.gnu-tools-for-stm32.13.3.rel1.linux64_1.0.0.202410170706/tools/bin/../lib/gcc/arm-none-eabi/13.3.1/../../../../arm-none-eabi/lib/thumb/v7-m/nofp/libc_nano.a(libc_a-strdup.o)
                              ./Core/DahuaEvents/parse.o (strdup)
[...]
Memory Configuration

Name             Origin             Length             Attributes
RAM              0x20000000         0x00002800         xrw
FLASH            0x08000000         0x00008000         xr
*default*        0x00000000         0xffffffff

Linker script and memory map

LOAD /opt/st/stm32cubeide_1.18.1/plugins/com.st.stm32cube.ide.mcu.externaltools.gnu-tools-for-stm32.13.3.rel1.linux64_1.0.0.202410170706/tools/bin/../lib/gcc/arm-none-eabi/13.3.1/thumb/v7-m/nofp/crti.o
LOAD /opt/st/stm32cubeide_1.18.1/plugins/com.st.stm32cube.ide.mcu.externaltools.gnu-tools-for-stm32.13.3.rel1.linux64_1.0.0.202410170706/tools/bin/../lib/gcc/arm-none-eabi/13.3.1/thumb/v7-m/nofp/crtbegin.o
LOAD /opt/st/stm32cubeide_1.18.1/plugins/com.st.stm32cube.ide.mcu.externaltools.gnu-tools-for-stm32.13.3.rel1.linux64_1.0.0.202410170706/tools/bin/../lib/gcc/arm-none-eabi/13.3.1/../../../../arm-none-eabi/lib/thumb/v7-m/nofp/crt0.o
LOAD ./Core/CheckRAMSize/check_RAM_size.o
LOAD ./Core/DahuaEvents/client.o
LOAD ./Core/DahuaEvents/digest.o
LOAD ./Core/DahuaEvents/hash.o
LOAD ./Core/DahuaEvents/http_digest.o
LOAD ./Core/DahuaEvents/md5.o
LOAD ./Core/DahuaEvents/parse.o
LOAD ./Core/DahuaEvents/server.o
LOAD ./Core/Ethernet/W5500/w5500.o
LOAD ./Core/Ethernet/eth_w5500.o
LOAD ./Core/Ethernet/socket.o
LOAD ./Core/Ethernet/wizchip_conf.o
LOAD ./Core/HttpConfig/config.o
LOAD ./Core/HttpLogger/logger.o
LOAD ./Core/Src/main.o
LOAD ./Core/Src/relay.o
LOAD ./Core/Src/socket_server.o
LOAD ./Core/Src/stm32f1xx_hal_msp.o
LOAD ./Core/Src/stm32f1xx_it.o
LOAD ./Core/Src/syscalls.o
LOAD ./Core/Src/sysmem.o
LOAD ./Core/Src/system_stm32f1xx.o
LOAD ./Core/Src/web.o
LOAD ./Core/Startup/startup_stm32f103c6tx.o
LOAD ./Drivers/STM32F1xx_HAL_Driver/Src/stm32f1xx_hal.o
LOAD ./Drivers/STM32F1xx_HAL_Driver/Src/stm32f1xx_hal_cortex.o
LOAD ./Drivers/STM32F1xx_HAL_Driver/Src/stm32f1xx_hal_dma.o
LOAD ./Drivers/STM32F1xx_HAL_Driver/Src/stm32f1xx_hal_exti.o
LOAD ./Drivers/STM32F1xx_HAL_Driver/Src/stm32f1xx_hal_flash.o
LOAD ./Drivers/STM32F1xx_HAL_Driver/Src/stm32f1xx_hal_flash_ex.o
LOAD ./Drivers/STM32F1xx_HAL_Driver/Src/stm32f1xx_hal_gpio.o
LOAD ./Drivers/STM32F1xx_HAL_Driver/Src/stm32f1xx_hal_gpio_ex.o
LOAD ./Drivers/STM32F1xx_HAL_Driver/Src/stm32f1xx_hal_pwr.o
LOAD ./Drivers/STM32F1xx_HAL_Driver/Src/stm32f1xx_hal_rcc.o
LOAD ./Drivers/STM32F1xx_HAL_Driver/Src/stm32f1xx_hal_rcc_ex.o
LOAD ./Drivers/STM32F1xx_HAL_Driver/Src/stm32f1xx_hal_spi.o
START GROUP
LOAD /opt/st/stm32cubeide_1.18.1/plugins/com.st.stm32cube.ide.mcu.externaltools.gnu-tools-for-stm32.13.3.rel1.linux64_1.0.0.202410170706/tools/bin/../lib/gcc/arm-none-eabi/13.3.1/../../../../arm-none-eabi/lib/thumb/v7-m/nofp/libc_nano.a
LOAD /opt/st/stm32cubeide_1.18.1/plugins/com.st.stm32cube.ide.mcu.externaltools.gnu-tools-for-stm32.13.3.rel1.linux64_1.0.0.202410170706/tools/bin/../lib/gcc/arm-none-eabi/13.3.1/../../../../arm-none-eabi/lib/thumb/v7-m/nofp/libm.a
END GROUP
START GROUP
LOAD /opt/st/stm32cubeide_1.18.1/plugins/com.st.stm32cube.ide.mcu.externaltools.gnu-tools-for-stm32.13.3.rel1.linux64_1.0.0.202410170706/tools/bin/../lib/gcc/arm-none-eabi/13.3.1/thumb/v7-m/nofp/libgcc.a
LOAD /opt/st/stm32cubeide_1.18.1/plugins/com.st.stm32cube.ide.mcu.externaltools.gnu-tools-for-stm32.13.3.rel1.linux64_1.0.0.202410170706/tools/bin/../lib/gcc/arm-none-eabi/13.3.1/../../../../arm-none-eabi/lib/thumb/v7-m/nofp/libc_nano.a
END GROUP
START GROUP
LOAD /opt/st/stm32cubeide_1.18.1/plugins/com.st.stm32cube.ide.mcu.externaltools.gnu-tools-for-stm32.13.3.rel1.linux64_1.0.0.202410170706/tools/bin/../lib/gcc/arm-none-eabi/13.3.1/thumb/v7-m/nofp/libgcc.a
LOAD /opt/st/stm32cubeide_1.18.1/plugins/com.st.stm32cube.ide.mcu.externaltools.gnu-tools-for-stm32.13.3.rel1.linux64_1.0.0.202410170706/tools/bin/../lib/gcc/arm-none-eabi/13.3.1/../../../../arm-none-eabi/lib/thumb/v7-m/nofp/libc_nano.a
LOAD /opt/st/stm32cubeide_1.18.1/plugins/com.st.stm32cube.ide.mcu.externaltools.gnu-tools-for-stm32.13.3.rel1.linux64_1.0.0.202410170706/tools/bin/../lib/gcc/arm-none-eabi/13.3.1/../../../../arm-none-eabi/lib/thumb/v7-m/nofp/libnosys.a
END GROUP
START GROUP
LOAD /opt/st/stm32cubeide_1.18.1/plugins/com.st.stm32cube.ide.mcu.externaltools.gnu-tools-for-stm32.13.3.rel1.linux64_1.0.0.202410170706/tools/bin/../lib/gcc/arm-none-eabi/13.3.1/thumb/v7-m/nofp/libgcc.a
LOAD /opt/st/stm32cubeide_1.18.1/plugins/com.st.stm32cube.ide.mcu.externaltools.gnu-tools-for-stm32.13.3.rel1.linux64_1.0.0.202410170706/tools/bin/../lib/gcc/arm-none-eabi/13.3.1/../../../../arm-none-eabi/lib/thumb/v7-m/nofp/libc_nano.a
LOAD /opt/st/stm32cubeide_1.18.1/plugins/com.st.stm32cube.ide.mcu.externaltools.gnu-tools-for-stm32.13.3.rel1.linux64_1.0.0.202410170706/tools/bin/../lib/gcc/arm-none-eabi/13.3.1/../../../../arm-none-eabi/lib/thumb/v7-m/nofp/libnosys.a
END GROUP
LOAD /opt/st/stm32cubeide_1.18.1/plugins/com.st.stm32cube.ide.mcu.externaltools.gnu-tools-for-stm32.13.3.rel1.linux64_1.0.0.202410170706/tools/bin/../lib/gcc/arm-none-eabi/13.3.1/thumb/v7-m/nofp/crtend.o
LOAD /opt/st/stm32cubeide_1.18.1/plugins/com.st.stm32cube.ide.mcu.externaltools.gnu-tools-for-stm32.13.3.rel1.linux64_1.0.0.202410170706/tools/bin/../lib/gcc/arm-none-eabi/13.3.1/thumb/v7-m/nofp/crtn.o
                0x20002800                        _estack = (ORIGIN (RAM) + LENGTH (RAM))
                0x00000200                        _Min_Heap_Size = 0x200
                0x00000400                        _Min_Stack_Size = 0x400

.isr_vector     0x08000000      0x10c
                0x08000000                        . = ALIGN (0x4)
 *(.isr_vector)
 .isr_vector    0x08000000      0x10c ./Core/Startup/startup_stm32f103c6tx.o
                0x08000000                g_pfnVectors
                0x0800010c                        . = ALIGN (0x4)

.text           0x0800010c     0x4174
                0x0800010c                        . = ALIGN (0x4)
 *(.text)
 .text          0x0800010c       0x40 /opt/st/stm32cubeide_1.18.1/plugins/com.st.stm32cube.ide.mcu.externaltools.gnu-tools-for-stm32.13.3.rel1.linux64_1.0.0.202410170706/tools/bin/../lib/gcc/arm-none-eabi/13.3.1/thumb/v7-m/nofp/crtbegin.o
 .text          0x0800014c       0x10 /opt/st/stm32cubeide_1.18.1/plugins/com.st.stm32cube.ide.mcu.externaltools.gnu-tools-for-stm32.13.3.rel1.linux64_1.0.0.202410170706/tools/bin/../lib/gcc/arm-none-eabi/13.3.1/../../../../arm-none-eabi/lib/thumb/v7-m/nofp/libc_nano.a(libc_a-strlen.o)
                0x0800014c                strlen
 *(.text*)
 .text.digest_client_parse
                0x0800015c       0x3e ./Core/DahuaEvents/client.o
                0x0800015c                digest_client_parse
 *fill*         0x0800019a        0x2 
 .text.digest_client_generate_header
                0x0800019c      0x12c ./Core/DahuaEvents/client.o
                0x0800019c                digest_client_generate_header
 .text.digest_init
                0x080002c8       0x16 ./Core/DahuaEvents/digest.o
                0x080002c8                digest_init
 .text.digest_set_attr
                0x080002de       0x4a ./Core/DahuaEvents/digest.o
                0x080002de                digest_set_attr
 .text._get_md5
                0x08000328       0x48 ./Core/DahuaEvents/hash.o
 .text.hash_generate_a2
                0x08000370       0x28 ./Core/DahuaEvents/hash.o
                0x08000370                hash_generate_a2
 .text.hash_generate_a1
                0x08000398       0x28 ./Core/DahuaEvents/hash.o
                0x08000398                hash_generate_a1
 .text.hash_generate_response_auth
                0x080003c0       0x34 ./Core/DahuaEvents/hash.o
                0x080003c0                hash_generate_response_auth
 .text.hash_generate_response
                0x080003f4       0x28 ./Core/DahuaEvents/hash.o
                0x080003f4                hash_generate_response
 .text.extract_quoted.isra.0
                0x0800041c       0x80 ./Core/DahuaEvents/http_digest.o
 .text.http_digest_init
                0x0800049c       0x4c ./Core/DahuaEvents/http_digest.o
                0x0800049c                http_digest_init
 .text.http_digest_process
                0x080004e8      0x578 ./Core/DahuaEvents/http_digest.o
                0x080004e8                http_digest_process
 .text.md5_transform
                0x08000a60      0x6d8 ./Core/DahuaEvents/md5.o
 .text.MD5_Init
                0x08001138       0x30 ./Core/DahuaEvents/md5.o
                0x08001138                MD5_Init
 .text.MD5_Update
                0x08001168       0x8c ./Core/DahuaEvents/md5.o
                0x08001168                MD5_Update
 .text.MD5_Final
                0x080011f4       0xa8 ./Core/DahuaEvents/md5.o
                0x080011f4                MD5_Final
 .text._dgst_get_val
                0x0800129c       0x28 ./Core/DahuaEvents/parse.o
 .text._check_string
                0x080012c4       0x1a ./Core/DahuaEvents/parse.o
                0x080012c4                _check_string
 *fill*         0x080012de        0x2 
 .text.parse_digest
                0x080012e0      0x190 ./Core/DahuaEvents/parse.o
                0x080012e0                parse_digest
 .text.parse_validate_attributes
                0x08001470       0x54 ./Core/DahuaEvents/parse.o
                0x08001470                parse_validate_attributes
 .text.WIZCHIP_READ
                0x080014c4       0x5c ./Core/Ethernet/W5500/w5500.o
                0x080014c4                WIZCHIP_READ
 .text.WIZCHIP_WRITE
                0x08001520       0x64 ./Core/Ethernet/W5500/w5500.o
                0x08001520                WIZCHIP_WRITE
 .text.WIZCHIP_READ_BUF
                0x08001584       0x74 ./Core/Ethernet/W5500/w5500.o
                0x08001584                WIZCHIP_READ_BUF
 .text.WIZCHIP_WRITE_BUF
                0x080015f8       0x74 ./Core/Ethernet/W5500/w5500.o
                0x080015f8                WIZCHIP_WRITE_BUF
 .text.getSn_TX_FSR
                0x0800166c       0x42 ./Core/Ethernet/W5500/w5500.o
                0x0800166c                getSn_TX_FSR
 .text.getSn_RX_RSR
                0x080016ae       0x42 ./Core/Ethernet/W5500/w5500.o
                0x080016ae                getSn_RX_RSR
 .text.wiz_send_data
                0x080016f0       0x5a ./Core/Ethernet/W5500/w5500.o
                0x080016f0                wiz_send_data
 .text.wiz_recv_data
                0x0800174a       0x5a ./Core/Ethernet/W5500/w5500.o
                0x0800174a                wiz_recv_data
 .text.W5500_Unselect
                0x080017a4       0x10 ./Core/Ethernet/eth_w5500.o
 .text.W5500_Select
                0x080017b4       0x10 ./Core/Ethernet/eth_w5500.o
 .text.W5500_WriteByte
                0x080017c4       0x20 ./Core/Ethernet/eth_w5500.o
 .text.W5500_ReadByte
                0x080017e4       0x20 ./Core/Ethernet/eth_w5500.o
 .text.update_gWIZNETINFO_from_device_config
                0x08001804       0x3c ./Core/Ethernet/eth_w5500.o
                0x08001804                update_gWIZNETINFO_from_device_config
 .text.ETH_W5500_Init
                0x08001840       0x84 ./Core/Ethernet/eth_w5500.o
                0x08001840                ETH_W5500_Init
 .text.ETH_W5500_Tick
                0x080018c4        0xc ./Core/Ethernet/eth_w5500.o
                0x080018c4                ETH_W5500_Tick
 .text.ETH_W5500_PrintNetInfo
                0x080018d0      0x100 ./Core/Ethernet/eth_w5500.o
                0x080018d0                ETH_W5500_PrintNetInfo
 .text.connect_IO_6
                0x080019d0       0xf8 ./Core/Ethernet/socket.o
 .text.close    0x08001ac8       0x7c ./Core/Ethernet/socket.o
                0x08001ac8                close
 .text.socket   0x08001b44      0x138 ./Core/Ethernet/socket.o
                0x08001b44                socket
 .text.connect_W5x00
                0x08001c7c        0x6 ./Core/Ethernet/socket.o
                0x08001c7c                connect_W5x00
 *fill*         0x08001c82        0x2 
 .text.send     0x08001c84      0x16c ./Core/Ethernet/socket.o
                0x08001c84                send
 .text.recv     0x08001df0       0xe0 ./Core/Ethernet/socket.o
                0x08001df0                recv
 .text.wizchip_cris_enter
                0x08001ed0        0x2 ./Core/Ethernet/wizchip_conf.o
                0x08001ed0                wizchip_cris_enter
 .text.wizchip_bus_readdata
                0x08001ed2        0x4 ./Core/Ethernet/wizchip_conf.o
                0x08001ed2                wizchip_bus_readdata
 .text.wizchip_bus_writedata
                0x08001ed6        0x4 ./Core/Ethernet/wizchip_conf.o
                0x08001ed6                wizchip_bus_writedata
 .text.wizchip_spi_readbyte
                0x08001eda        0x4 ./Core/Ethernet/wizchip_conf.o
                0x08001eda                wizchip_spi_readbyte
 .text.wizchip_spi_writebyte
                0x08001ede        0x2 ./Core/Ethernet/wizchip_conf.o
                0x08001ede                wizchip_spi_writebyte
 .text.wizchip_cris_exit
                0x08001ee0        0x2 ./Core/Ethernet/wizchip_conf.o
                0x08001ee0                wizchip_cris_exit
 .text.wizchip_cs_select
                0x08001ee2        0x2 ./Core/Ethernet/wizchip_conf.o
                0x08001ee2                wizchip_cs_select
 .text.wizchip_cs_deselect
                0x08001ee4        0x2 ./Core/Ethernet/wizchip_conf.o
                0x08001ee4                wizchip_cs_deselect
 *fill*         0x08001ee6        0x2 
 .text.reg_wizchip_cs_cbfunc
                0x08001ee8       0x1c ./Core/Ethernet/wizchip_conf.o
                0x08001ee8                reg_wizchip_cs_cbfunc
 .text.reg_wizchip_spi_cbfunc
                0x08001f04       0x24 ./Core/Ethernet/wizchip_conf.o
                0x08001f04                reg_wizchip_spi_cbfunc
 .text.wizchip_sw_reset
                0x08001f28       0x7a ./Core/Ethernet/wizchip_conf.o
                0x08001f28                wizchip_sw_reset
 .text.wizchip_init
                0x08001fa2       0x86 ./Core/Ethernet/wizchip_conf.o
                0x08001fa2                wizchip_init
 .text.wizchip_setnetinfo
                0x08002028       0x5c ./Core/Ethernet/wizchip_conf.o
                0x08002028                wizchip_setnetinfo
 .text.wizchip_getnetinfo
                0x08002084       0x5c ./Core/Ethernet/wizchip_conf.o
                0x08002084                wizchip_getnetinfo
 .text.wizchip_setnetmode
                0x080020e0       0x26 ./Core/Ethernet/wizchip_conf.o
                0x080020e0                wizchip_setnetmode
 .text.wizchip_getnetmode
                0x08002106        0x6 ./Core/Ethernet/wizchip_conf.o
                0x08002106                wizchip_getnetmode
 .text.wizchip_settimeout
                0x0800210c       0x28 ./Core/Ethernet/wizchip_conf.o
                0x0800210c                wizchip_settimeout
 .text.wizchip_gettimeout
                0x08002134       0x28 ./Core/Ethernet/wizchip_conf.o
                0x08002134                wizchip_gettimeout
 .text.ctlnetwork
                0x0800215c       0x4c ./Core/Ethernet/wizchip_conf.o
                0x0800215c                ctlnetwork
 .text.Flash_Write_Config
                0x080021a8       0x6c ./Core/HttpConfig/config.o
                0x080021a8                Flash_Write_Config
 .text.connect_to_server
                0x08002214       0x40 ./Core/HttpLogger/logger.o
 .text.log_message_internal
                0x08002254       0xa0 ./Core/HttpLogger/logger.o
                0x08002254                log_message_internal
 .text.log_printf
                0x080022f4       0x60 ./Core/HttpLogger/logger.o
                0x080022f4                log_printf
 .text.Logger_Process
                0x08002354       0x16 ./Core/HttpLogger/logger.o
                0x08002354                Logger_Process
 *fill*         0x0800236a        0x2 
 .text.Logger_SetServer
                0x0800236c       0x14 ./Core/HttpLogger/logger.o
                0x0800236c                Logger_SetServer
 .text.SystemClock_Config
                0x08002380       0x50 ./Core/Src/main.o
                0x08002380                SystemClock_Config
 .text.startup.main
                0x080023d0      0x14c ./Core/Src/main.o
                0x080023d0                main
 .text.Relay_Off
                0x0800251c       0x20 ./Core/Src/relay.o
                0x0800251c                Relay_Off
 .text.Relay_Init
                0x0800253c       0x44 ./Core/Src/relay.o
                0x0800253c                Relay_Init
 .text.HAL_MspInit
                0x08002580       0x44 ./Core/Src/stm32f1xx_hal_msp.o
                0x08002580                HAL_MspInit
 .text.HAL_SPI_MspInit
                0x080025c4       0x74 ./Core/Src/stm32f1xx_hal_msp.o
                0x080025c4                HAL_SPI_MspInit
 .text.NMI_Handler
                0x08002638        0x2 ./Core/Src/stm32f1xx_it.o
                0x08002638                NMI_Handler
 .text.HardFault_Handler
                0x0800263a        0x2 ./Core/Src/stm32f1xx_it.o
                0x0800263a                HardFault_Handler
 .text.MemManage_Handler
                0x0800263c        0x2 ./Core/Src/stm32f1xx_it.o
                0x0800263c                MemManage_Handler
 .text.BusFault_Handler
                0x0800263e        0x2 ./Core/Src/stm32f1xx_it.o
                0x0800263e                BusFault_Handler
 .text.UsageFault_Handler
                0x08002640        0x2 ./Core/Src/stm32f1xx_it.o
                0x08002640                UsageFault_Handler
 .text.SVC_Handler
                0x08002642        0x2 ./Core/Src/stm32f1xx_it.o
                0x08002642                SVC_Handler
 .text.DebugMon_Handler
                0x08002644        0x2 ./Core/Src/stm32f1xx_it.o
                0x08002644                DebugMon_Handler
 .text.PendSV_Handler
                0x08002646        0x2 ./Core/Src/stm32f1xx_it.o
                0x08002646                PendSV_Handler
 .text.SysTick_Handler
                0x08002648        0x4 ./Core/Src/stm32f1xx_it.o
                0x08002648                SysTick_Handler
 .text._sbrk    0x0800264c       0x40 ./Core/Src/sysmem.o
                0x0800264c                _sbrk
 .text.SystemInit
                0x0800268c       0x4c ./Core/Src/system_stm32f1xx.o
                0x0800268c                SystemInit
 .text.Reset_Handler
                0x080026d8       0x48 ./Core/Startup/startup_stm32f103c6tx.o
                0x080026d8                Reset_Handler
 .text.Default_Handler
                0x08002720        0x2 ./Core/Startup/startup_stm32f103c6tx.o
                0x08002720                RTC_Alarm_IRQHandler
                0x08002720                EXTI2_IRQHandler
                0x08002720                TIM1_CC_IRQHandler
                0x08002720                PVD_IRQHandler
                0x08002720                EXTI3_IRQHandler
                0x08002720                EXTI0_IRQHandler
                0x08002720                ADC1_2_IRQHandler
                0x08002720                SPI1_IRQHandler
                0x08002720                TAMPER_IRQHandler
                0x08002720                DMA1_Channel4_IRQHandler
                0x08002720                RTC_IRQHandler
                0x08002720                DMA1_Channel7_IRQHandler
                0x08002720                CAN1_RX1_IRQHandler
                0x08002720                I2C1_EV_IRQHandler
                0x08002720                DMA1_Channel6_IRQHandler
                0x08002720                TIM3_IRQHandler
                0x08002720                RCC_IRQHandler
                0x08002720                TIM1_TRG_COM_IRQHandler
                0x08002720                DMA1_Channel1_IRQHandler
                0x08002720                Default_Handler
                0x08002720                EXTI15_10_IRQHandler
                0x08002720                EXTI9_5_IRQHandler
                0x08002720                DMA1_Channel5_IRQHandler
                0x08002720                EXTI4_IRQHandler
                0x08002720                USB_LP_CAN1_RX0_IRQHandler
                0x08002720                USB_HP_CAN1_TX_IRQHandler
                0x08002720                DMA1_Channel3_IRQHandler
                0x08002720                TIM1_UP_IRQHandler
                0x08002720                WWDG_IRQHandler
                0x08002720                TIM2_IRQHandler
                0x08002720                TIM1_BRK_IRQHandler
                0x08002720                EXTI1_IRQHandler
                0x08002720                USART2_IRQHandler
                0x08002720                DMA1_Channel2_IRQHandler
                0x08002720                CAN1_SCE_IRQHandler
                0x08002720                FLASH_IRQHandler
                0x08002720                USART1_IRQHandler
                0x08002720                I2C1_ER_IRQHandler
                0x08002720                USBWakeUp_IRQHandler
 *fill*         0x08002722        0x2 
 .text.HAL_InitTick
                0x08002724       0x48 ./Drivers/STM32F1xx_HAL_Driver/Src/stm32f1xx_hal.o
                0x08002724                HAL_InitTick
 .text.HAL_Init
                0x0800276c       0x24 ./Drivers/STM32F1xx_HAL_Driver/Src/stm32f1xx_hal.o
                0x0800276c                HAL_Init
 .text.HAL_IncTick
                0x08002790       0x18 ./Drivers/STM32F1xx_HAL_Driver/Src/stm32f1xx_hal.o
                0x08002790                HAL_IncTick
 .text.HAL_GetTick
                0x080027a8        0xc ./Drivers/STM32F1xx_HAL_Driver/Src/stm32f1xx_hal.o
                0x080027a8                HAL_GetTick
 .text.HAL_Delay
                0x080027b4       0x24 ./Drivers/STM32F1xx_HAL_Driver/Src/stm32f1xx_hal.o
                0x080027b4                HAL_Delay
 .text.HAL_NVIC_SetPriorityGrouping
                0x080027d8       0x24 ./Drivers/STM32F1xx_HAL_Driver/Src/stm32f1xx_hal_cortex.o
                0x080027d8                HAL_NVIC_SetPriorityGrouping
 .text.HAL_NVIC_SetPriority
                0x080027fc       0x60 ./Drivers/STM32F1xx_HAL_Driver/Src/stm32f1xx_hal_cortex.o
                0x080027fc                HAL_NVIC_SetPriority
 .text.HAL_SYSTICK_Config
                0x0800285c       0x28 ./Drivers/STM32F1xx_HAL_Driver/Src/stm32f1xx_hal_cortex.o
                0x0800285c                HAL_SYSTICK_Config
 .text.FLASH_SetErrorCode
                0x08002884       0x50 ./Drivers/STM32F1xx_HAL_Driver/Src/stm32f1xx_hal_flash.o
 .text.HAL_FLASH_Unlock
                0x080028d4       0x24 ./Drivers/STM32F1xx_HAL_Driver/Src/stm32f1xx_hal_flash.o
                0x080028d4                HAL_FLASH_Unlock
 .text.HAL_FLASH_Lock
                0x080028f8       0x14 ./Drivers/STM32F1xx_HAL_Driver/Src/stm32f1xx_hal_flash.o
                0x080028f8                HAL_FLASH_Lock
 .text.FLASH_WaitForLastOperation
                0x0800290c       0x54 ./Drivers/STM32F1xx_HAL_Driver/Src/stm32f1xx_hal_flash.o
                0x0800290c                FLASH_WaitForLastOperation
 .text.HAL_FLASH_Program
                0x08002960       0xa4 ./Drivers/STM32F1xx_HAL_Driver/Src/stm32f1xx_hal_flash.o
                0x08002960                HAL_FLASH_Program
 .text.FLASH_PageErase
                0x08002a04       0x24 ./Drivers/STM32F1xx_HAL_Driver/Src/stm32f1xx_hal_flash_ex.o
                0x08002a04                FLASH_PageErase
 .text.HAL_FLASHEx_Erase
                0x08002a28       0xa8 ./Drivers/STM32F1xx_HAL_Driver/Src/stm32f1xx_hal_flash_ex.o
                0x08002a28                HAL_FLASHEx_Erase
 .text.HAL_GPIO_Init
                0x08002ad0      0x19c ./Drivers/STM32F1xx_HAL_Driver/Src/stm32f1xx_hal_gpio.o
                0x08002ad0                HAL_GPIO_Init
 .text.HAL_GPIO_WritePin
                0x08002c6c        0xa ./Drivers/STM32F1xx_HAL_Driver/Src/stm32f1xx_hal_gpio.o
                0x08002c6c                HAL_GPIO_WritePin
 *fill*         0x08002c76        0x2 
 .text.HAL_RCC_OscConfig
                0x08002c78      0x338 ./Drivers/STM32F1xx_HAL_Driver/Src/stm32f1xx_hal_rcc.o
                0x08002c78                HAL_RCC_OscConfig
 .text.HAL_RCC_GetSysClockFreq
                0x08002fb0       0x74 ./Drivers/STM32F1xx_HAL_Driver/Src/stm32f1xx_hal_rcc.o
                0x08002fb0                HAL_RCC_GetSysClockFreq
 .text.HAL_RCC_ClockConfig
                0x08003024      0x138 ./Drivers/STM32F1xx_HAL_Driver/Src/stm32f1xx_hal_rcc.o
                0x08003024                HAL_RCC_ClockConfig
 .text.SPI_WaitFlagStateUntilTimeout.constprop.0
                0x0800315c       0x76 ./Drivers/STM32F1xx_HAL_Driver/Src/stm32f1xx_hal_spi.o
 .text.SPI_EndRxTransaction
                0x080031d2       0x4e ./Drivers/STM32F1xx_HAL_Driver/Src/stm32f1xx_hal_spi.o
 .text.SPI_EndRxTxTransaction
                0x08003220       0x1c ./Drivers/STM32F1xx_HAL_Driver/Src/stm32f1xx_hal_spi.o
 .text.HAL_SPI_Init
                0x0800323c       0x76 ./Drivers/STM32F1xx_HAL_Driver/Src/stm32f1xx_hal_spi.o
                0x0800323c                HAL_SPI_Init
 .text.HAL_SPI_Transmit
                0x080032b2      0x14a ./Drivers/STM32F1xx_HAL_Driver/Src/stm32f1xx_hal_spi.o
                0x080032b2                HAL_SPI_Transmit
 .text.HAL_SPI_TransmitReceive
                0x080033fc      0x1e0 ./Drivers/STM32F1xx_HAL_Driver/Src/stm32f1xx_hal_spi.o
                0x080033fc                HAL_SPI_TransmitReceive
 .text.HAL_SPI_Receive
                0x080035dc      0x136 ./Drivers/STM32F1xx_HAL_Driver/Src/stm32f1xx_hal_spi.o
                0x080035dc                HAL_SPI_Receive
 *fill*         0x08003712        0x2 
 .text.snprintf
                0x08003714       0x6c /opt/st/stm32cubeide_1.18.1/plugins/com.st.stm32cube.ide.mcu.externaltools.gnu-tools-for-stm32.13.3.rel1.linux64_1.0.0.202410170706/tools/bin/../lib/gcc/arm-none-eabi/13.3.1/../../../../arm-none-eabi/lib/thumb/v7-m/nofp/libc_nano.a(libc_a-snprintf.o)
                0x08003714                snprintf
                0x08003714                sniprintf
 .text.sprintf  0x08003780       0x44 /opt/st/stm32cubeide_1.18.1/plugins/com.st.stm32cube.ide.mcu.externaltools.gnu-tools-for-stm32.13.3.rel1.linux64_1.0.0.202410170706/tools/bin/../lib/gcc/arm-none-eabi/13.3.1/../../../../arm-none-eabi/lib/thumb/v7-m/nofp/libc_nano.a(libc_a-sprintf.o)
                0x08003780                sprintf
                0x08003780                siprintf
 .text._vsnprintf_r
                0x080037c4       0x5c /opt/st/stm32cubeide_1.18.1/plugins/com.st.stm32cube.ide.mcu.externaltools.gnu-tools-for-stm32.13.3.rel1.linux64_1.0.0.202410170706/tools/bin/../lib/gcc/arm-none-eabi/13.3.1/../../../../arm-none-eabi/lib/thumb/v7-m/nofp/libc_nano.a(libc_a-vsnprintf.o)
                0x080037c4                _vsnprintf_r
                0x080037c4                _vsniprintf_r
 .text.vsnprintf
                0x08003820       0x1c /opt/st/stm32cubeide_1.18.1/plugins/com.st.stm32cube.ide.mcu.externaltools.gnu-tools-for-stm32.13.3.rel1.linux64_1.0.0.202410170706/tools/bin/../lib/gcc/arm-none-eabi/13.3.1/../../../../arm-none-eabi/lib/thumb/v7-m/nofp/libc_nano.a(libc_a-vsnprintf.o)
                0x08003820                vsnprintf
                0x08003820                vsniprintf
 .text.memset   0x0800383c       0x10 /opt/st/stm32cubeide_1.18.1/plugins/com.st.stm32cube.ide.mcu.externaltools.gnu-tools-for-stm32.13.3.rel1.linux64_1.0.0.202410170706/tools/bin/../lib/gcc/arm-none-eabi/13.3.1/../../../../arm-none-eabi/lib/thumb/v7-m/nofp/libc_nano.a(libc_a-memset.o)
                0x0800383c                memset
 .text.strchr   0x0800384c       0x1a /opt/st/stm32cubeide_1.18.1/plugins/com.st.stm32cube.ide.mcu.externaltools.gnu-tools-for-stm32.13.3.rel1.linux64_1.0.0.202410170706/tools/bin/../lib/gcc/arm-none-eabi/13.3.1/../../../../arm-none-eabi/lib/thumb/v7-m/nofp/libc_nano.a(libc_a-strchr.o)
                0x0800384c                strchr
 *fill*         0x08003866        0x2 
 .text.strdup   0x08003868       0x10 /opt/st/stm32cubeide_1.18.1/plugins/com.st.stm32cube.ide.mcu.externaltools.gnu-tools-for-stm32.13.3.rel1.linux64_1.0.0.202410170706/tools/bin/../lib/gcc/arm-none-eabi/13.3.1/../../../../arm-none-eabi/lib/thumb/v7-m/nofp/libc_nano.a(libc_a-strdup.o)
                0x08003868                strdup
 .text._strdup_r
                0x08003878       0x26 /opt/st/stm32cubeide_1.18.1/plugins/com.st.stm32cube.ide.mcu.externaltools.gnu-tools-for-stm32.13.3.rel1.linux64_1.0.0.202410170706/tools/bin/../lib/gcc/arm-none-eabi/13.3.1/../../../../arm-none-eabi/lib/thumb/v7-m/nofp/libc_nano.a(libc_a-strdup_r.o)
                0x08003878                _strdup_r
 .text.strncmp  0x0800389e       0x24 /opt/st/stm32cubeide_1.18.1/plugins/com.st.stm32cube.ide.mcu.externaltools.gnu-tools-for-stm32.13.3.rel1.linux64_1.0.0.202410170706/tools/bin/../lib/gcc/arm-none-eabi/13.3.1/../../../../arm-none-eabi/lib/thumb/v7-m/nofp/libc_nano.a(libc_a-strncmp.o)
                0x0800389e                strncmp
 .text.strstr   0x080038c2       0x2c /opt/st/stm32cubeide_1.18.1/plugins/com.st.stm32cube.ide.mcu.externaltools.gnu-tools-for-stm32.13.3.rel1.linux64_1.0.0.202410170706/tools/bin/../lib/gcc/arm-none-eabi/13.3.1/../../../../arm-none-eabi/lib/thumb/v7-m/nofp/libc_nano.a(libc_a-strstr.o)
                0x080038c2                strstr
 *fill*         0x080038ee        0x2 
 .text.time     0x080038f0       0x38 /opt/st/stm32cubeide_1.18.1/plugins/com.st.stm32cube.ide.mcu.externaltools.gnu-tools-for-stm32.13.3.rel1.linux64_1.0.0.202410170706/tools/bin/../lib/gcc/arm-none-eabi/13.3.1/../../../../arm-none-eabi/lib/thumb/v7-m/nofp/libc_nano.a(libc_a-time.o)
                0x080038f0                time
 .text._gettimeofday_r
                0x08003928       0x24 /opt/st/stm32cubeide_1.18.1/plugins/com.st.stm32cube.ide.mcu.externaltools.gnu-tools-for-stm32.13.3.rel1.linux64_1.0.0.202410170706/tools/bin/../lib/gcc/arm-none-eabi/13.3.1/../../../../arm-none-eabi/lib/thumb/v7-m/nofp/libc_nano.a(libc_a-gettimeofdayr.o)
                0x08003928                _gettimeofday_r
 .text.__errno  0x0800394c        0xc /opt/st/stm32cubeide_1.18.1/plugins/com.st.stm32cube.ide.mcu.externaltools.gnu-tools-for-stm32.13.3.rel1.linux64_1.0.0.202410170706/tools/bin/../lib/gcc/arm-none-eabi/13.3.1/../../../../arm-none-eabi/lib/thumb/v7-m/nofp/libc_nano.a(libc_a-errno.o)
                0x0800394c                __errno
 .text.__libc_init_array
                0x08003958       0x48 /opt/st/stm32cubeide_1.18.1/plugins/com.st.stm32cube.ide.mcu.externaltools.gnu-tools-for-stm32.13.3.rel1.linux64_1.0.0.202410170706/tools/bin/../lib/gcc/arm-none-eabi/13.3.1/../../../../arm-none-eabi/lib/thumb/v7-m/nofp/libc_nano.a(libc_a-init.o)
                0x08003958                __libc_init_array
 .text.__retarget_lock_acquire_recursive
                0x080039a0        0x2 /opt/st/stm32cubeide_1.18.1/plugins/com.st.stm32cube.ide.mcu.externaltools.gnu-tools-for-stm32.13.3.rel1.linux64_1.0.0.202410170706/tools/bin/../lib/gcc/arm-none-eabi/13.3.1/../../../../arm-none-eabi/lib/thumb/v7-m/nofp/libc_nano.a(libc_a-lock.o)
                0x080039a0                __retarget_lock_acquire_recursive
 .text.__retarget_lock_release_recursive
                0x080039a2        0x2 /opt/st/stm32cubeide_1.18.1/plugins/com.st.stm32cube.ide.mcu.externaltools.gnu-tools-for-stm32.13.3.rel1.linux64_1.0.0.202410170706/tools/bin/../lib/gcc/arm-none-eabi/13.3.1/../../../../arm-none-eabi/lib/thumb/v7-m/nofp/libc_nano.a(libc_a-lock.o)
                0x080039a2                __retarget_lock_release_recursive
 .text.memcpy   0x080039a4       0x1c /opt/st/stm32cubeide_1.18.1/plugins/com.st.stm32cube.ide.mcu.externaltools.gnu-tools-for-stm32.13.3.rel1.linux64_1.0.0.202410170706/tools/bin/../lib/gcc/arm-none-eabi/13.3.1/../../../../arm-none-eabi/lib/thumb/v7-m/nofp/libc_nano.a(libc_a-memcpy-stub.o)
                0x080039a4                memcpy
 .text._free_r  0x080039c0       0x90 /opt/st/stm32cubeide_1.18.1/plugins/com.st.stm32cube.ide.mcu.externaltools.gnu-tools-for-stm32.13.3.rel1.linux64_1.0.0.202410170706/tools/bin/../lib/gcc/arm-none-eabi/13.3.1/../../../../arm-none-eabi/lib/thumb/v7-m/nofp/libc_nano.a(libc_a-freer.o)
                0x080039c0                _free_r
 .text.sbrk_aligned
                0x08003a50       0x44 /opt/st/stm32cubeide_1.18.1/plugins/com.st.stm32cube.ide.mcu.externaltools.gnu-tools-for-stm32.13.3.rel1.linux64_1.0.0.202410170706/tools/bin/../lib/gcc/arm-none-eabi/13.3.1/../../../../arm-none-eabi/lib/thumb/v7-m/nofp/libc_nano.a(libc_a-mallocr.o)
 .text._malloc_r
                0x08003a94      0x100 /opt/st/stm32cubeide_1.18.1/plugins/com.st.stm32cube.ide.mcu.externaltools.gnu-tools-for-stm32.13.3.rel1.linux64_1.0.0.202410170706/tools/bin/../lib/gcc/arm-none-eabi/13.3.1/../../../../arm-none-eabi/lib/thumb/v7-m/nofp/libc_nano.a(libc_a-mallocr.o)
                0x08003a94                _malloc_r
 .text.__malloc_lock
                0x08003b94        0xc /opt/st/stm32cubeide_1.18.1/plugins/com.st.stm32cube.ide.mcu.externaltools.gnu-tools-for-stm32.13.3.rel1.linux64_1.0.0.202410170706/tools/bin/../lib/gcc/arm-none-eabi/13.3.1/../../../../arm-none-eabi/lib/thumb/v7-m/nofp/libc_nano.a(libc_a-mlock.o)
                0x08003b94                __malloc_lock
 .text.__malloc_unlock
                0x08003ba0        0xc /opt/st/stm32cubeide_1.18.1/plugins/com.st.stm32cube.ide.mcu.externaltools.gnu-tools-for-stm32.13.3.rel1.linux64_1.0.0.202410170706/tools/bin/../lib/gcc/arm-none-eabi/13.3.1/../../../../arm-none-eabi/lib/thumb/v7-m/nofp/libc_nano.a(libc_a-mlock.o)
                0x08003ba0                __malloc_unlock
 .text.__ssputs_r
                0x08003bac       0xb6 /opt/st/stm32cubeide_1.18.1/plugins/com.st.stm32cube.ide.mcu.externaltools.gnu-tools-for-stm32.13.3.rel1.linux64_1.0.0.202410170706/tools/bin/../lib/gcc/arm-none-eabi/13.3.1/../../../../arm-none-eabi/lib/thumb/v7-m/nofp/libc_nano.a(libc_a-nano-svfprintf.o)
                0x08003bac                __ssputs_r
 *fill*         0x08003c62        0x2 
 .text._svfprintf_r
                0x08003c64      0x1f8 /opt/st/stm32cubeide_1.18.1/plugins/com.st.stm32cube.ide.mcu.externaltools.gnu-tools-for-stm32.13.3.rel1.linux64_1.0.0.202410170706/tools/bin/../lib/gcc/arm-none-eabi/13.3.1/../../../../arm-none-eabi/lib/thumb/v7-m/nofp/libc_nano.a(libc_a-nano-svfprintf.o)
                0x08003c64                _svfprintf_r
                0x08003c64                _svfiprintf_r
 .text._printf_common
                0x08003e5c       0xe4 /opt/st/stm32cubeide_1.18.1/plugins/com.st.stm32cube.ide.mcu.externaltools.gnu-tools-for-stm32.13.3.rel1.linux64_1.0.0.202410170706/tools/bin/../lib/gcc/arm-none-eabi/13.3.1/../../../../arm-none-eabi/lib/thumb/v7-m/nofp/libc_nano.a(libc_a-nano-vfprintf_i.o)
                0x08003e5c                _printf_common
 .text._printf_i
                0x08003f40      0x23c /opt/st/stm32cubeide_1.18.1/plugins/com.st.stm32cube.ide.mcu.externaltools.gnu-tools-for-stm32.13.3.rel1.linux64_1.0.0.202410170706/tools/bin/../lib/gcc/arm-none-eabi/13.3.1/../../../../arm-none-eabi/lib/thumb/v7-m/nofp/libc_nano.a(libc_a-nano-vfprintf_i.o)
                0x08003f40                _printf_i
 .text.memmove  0x0800417c       0x34 /opt/st/stm32cubeide_1.18.1/plugins/com.st.stm32cube.ide.mcu.externaltools.gnu-tools-for-stm32.13.3.rel1.linux64_1.0.0.202410170706/tools/bin/../lib/gcc/arm-none-eabi/13.3.1/../../../../arm-none-eabi/lib/thumb/v7-m/nofp/libc_nano.a(libc_a-memmove.o)
                0x0800417c                memmove
 .text._sbrk_r  0x080041b0       0x20 /opt/st/stm32cubeide_1.18.1/plugins/com.st.stm32cube.ide.mcu.externaltools.gnu-tools-for-stm32.13.3.rel1.linux64_1.0.0.202410170706/tools/bin/../lib/gcc/arm-none-eabi/13.3.1/../../../../arm-none-eabi/lib/thumb/v7-m/nofp/libc_nano.a(libc_a-sbrkr.o)
                0x080041b0                _sbrk_r
 .text.memchr   0x080041d0       0x1c /opt/st/stm32cubeide_1.18.1/plugins/com.st.stm32cube.ide.mcu.externaltools.gnu-tools-for-stm32.13.3.rel1.linux64_1.0.0.202410170706/tools/bin/../lib/gcc/arm-none-eabi/13.3.1/../../../../arm-none-eabi/lib/thumb/v7-m/nofp/libc_nano.a(libc_a-memchr-stub.o)
                0x080041d0                memchr
 .text._realloc_r
                0x080041ec       0x5c /opt/st/stm32cubeide_1.18.1/plugins/com.st.stm32cube.ide.mcu.externaltools.gnu-tools-for-stm32.13.3.rel1.linux64_1.0.0.202410170706/tools/bin/../lib/gcc/arm-none-eabi/13.3.1/../../../../arm-none-eabi/lib/thumb/v7-m/nofp/libc_nano.a(libc_a-reallocr.o)
                0x080041ec                _realloc_r
 .text._malloc_usable_size_r
                0x08004248       0x10 /opt/st/stm32cubeide_1.18.1/plugins/com.st.stm32cube.ide.mcu.externaltools.gnu-tools-for-stm32.13.3.rel1.linux64_1.0.0.202410170706/tools/bin/../lib/gcc/arm-none-eabi/13.3.1/../../../../arm-none-eabi/lib/thumb/v7-m/nofp/libc_nano.a(libc_a-msizer.o)
                0x08004248                _malloc_usable_size_r
 .text._gettimeofday
                0x08004258       0x10 /opt/st/stm32cubeide_1.18.1/plugins/com.st.stm32cube.ide.mcu.externaltools.gnu-tools-for-stm32.13.3.rel1.linux64_1.0.0.202410170706/tools/bin/../lib/gcc/arm-none-eabi/13.3.1/../../../../arm-none-eabi/lib/thumb/v7-m/nofp/libnosys.a(gettod.o)
                0x08004258                _gettimeofday
 *(.glue_7)
 .glue_7        0x08004268        0x0 linker stubs
 *(.glue_7t)
 .glue_7t       0x08004268        0x0 linker stubs
 *(.eh_frame)
 .eh_frame      0x08004268        0x0 /opt/st/stm32cubeide_1.18.1/plugins/com.st.stm32cube.ide.mcu.externaltools.gnu-tools-for-stm32.13.3.rel1.linux64_1.0.0.202410170706/tools/bin/../lib/gcc/arm-none-eabi/13.3.1/thumb/v7-m/nofp/crtbegin.o
 *(.init)
 .init          0x08004268        0x4 /opt/st/stm32cubeide_1.18.1/plugins/com.st.stm32cube.ide.mcu.externaltools.gnu-tools-for-stm32.13.3.rel1.linux64_1.0.0.202410170706/tools/bin/../lib/gcc/arm-none-eabi/13.3.1/thumb/v7-m/nofp/crti.o
                0x08004268                _init
 .init          0x0800426c        0x8 /opt/st/stm32cubeide_1.18.1/plugins/com.st.stm32cube.ide.mcu.externaltools.gnu-tools-for-stm32.13.3.rel1.linux64_1.0.0.202410170706/tools/bin/../lib/gcc/arm-none-eabi/13.3.1/thumb/v7-m/nofp/crtn.o
 *(.fini)
 .fini          0x08004274        0x4 /opt/st/stm32cubeide_1.18.1/plugins/com.st.stm32cube.ide.mcu.externaltools.gnu-tools-for-stm32.13.3.rel1.linux64_1.0.0.202410170706/tools/bin/../lib/gcc/arm-none-eabi/13.3.1/thumb/v7-m/nofp/crti.o
                0x08004274                _fini
 .fini          0x08004278        0x8 /opt/st/stm32cubeide_1.18.1/plugins/com.st.stm32cube.ide.mcu.externaltools.gnu-tools-for-stm32.13.3.rel1.linux64_1.0.0.202410170706/tools/bin/../lib/gcc/arm-none-eabi/13.3.1/thumb/v7-m/nofp/crtn.o
                0x08004280                        . = ALIGN (0x4)
                0x08004280                        _etext = .

.vfp11_veneer   0x08004280        0x0
 .vfp11_veneer  0x08004280        0x0 linker stubs

.v4_bx          0x08004280        0x0
 .v4_bx         0x08004280        0x0 linker stubs

.iplt           0x08004280        0x0
 .iplt          0x08004280        0x0 /opt/st/stm32cubeide_1.18.1/plugins/com.st.stm32cube.ide.mcu.externaltools.gnu-tools-for-stm32.13.3.rel1.linux64_1.0.0.202410170706/tools/bin/../lib/gcc/arm-none-eabi/13.3.1/thumb/v7-m/nofp/crtbegin.o

.rodata         0x08004280      0x770
                0x08004280                        . = ALIGN (0x4)
 *(.rodata)
 *(.rodata*)
 .rodata.digest_client_generate_header.str1.1
                0x08004280      0x62f ./Core/DahuaEvents/client.o
                                 0x8f (size before relaxing)
 .rodata.str1.1
                0x080048af       0x27 ./Core/DahuaEvents/client.o
 *fill*         0x080048af        0x1 
 .rodata.CSWTCH.3
                0x080048b0       0x1c ./Core/DahuaEvents/client.o
 .rodata._get_md5.str1.1
                0x080048cc        0x5 ./Core/DahuaEvents/hash.o
 .rodata.hash_generate_a2.str1.1
                0x080048cc        0x6 ./Core/DahuaEvents/hash.o
 .rodata.hash_generate_a1.str1.1
                0x080048cc        0x9 ./Core/DahuaEvents/hash.o
 .rodata.hash_generate_response_auth.str1.1
                0x080048cc       0x16 ./Core/DahuaEvents/hash.o
 .rodata.http_digest_process.str1.1
                0x080048cc      0x403 ./Core/DahuaEvents/http_digest.o
 .rodata.MD5_Final.str1.1
                0x080048cc        0x2 ./Core/DahuaEvents/md5.o
 .rodata.parse_digest.str1.1
                0x080048cc       0x38 ./Core/DahuaEvents/parse.o
 .rodata.ETH_W5500_Init.str1.1
                0x080048cc        0x9 ./Core/Ethernet/eth_w5500.o
 .rodata.ETH_W5500_PrintNetInfo.str1.1
                0x080048cc       0x91 ./Core/Ethernet/eth_w5500.o
 .rodata.log_message_internal.str1.1
                0x080048cc        0x6 ./Core/HttpLogger/logger.o
 .rodata.str1.1
                0x080048cc       0x16 ./Core/HttpLogger/logger.o
 .rodata.level_str.0
                0x080048cc       0x10 ./Core/HttpLogger/logger.o
 .rodata.main.str1.1
                0x080048dc       0x3f ./Core/Src/main.o
 .rodata.AHBPrescTable
                0x080048dc       0x10 ./Core/Src/system_stm32f1xx.o
                0x080048dc                AHBPrescTable
 .rodata.HAL_RCC_GetSysClockFreq.str1.1
                0x080048ec       0x11 ./Drivers/STM32F1xx_HAL_Driver/Src/stm32f1xx_hal_rcc.o
 .rodata._ctype_
                0x080048ec      0x101 /opt/st/stm32cubeide_1.18.1/plugins/com.st.stm32cube.ide.mcu.externaltools.gnu-tools-for-stm32.13.3.rel1.linux64_1.0.0.202410170706/tools/bin/../lib/gcc/arm-none-eabi/13.3.1/../../../../arm-none-eabi/lib/thumb/v7-m/nofp/libc_nano.a(libc_a-ctype_.o)
                0x080048ec                _ctype_
 .rodata._svfprintf_r.str1.1
                0x080049ed       0x11 /opt/st/stm32cubeide_1.18.1/plugins/com.st.stm32cube.ide.mcu.externaltools.gnu-tools-for-stm32.13.3.rel1.linux64_1.0.0.202410170706/tools/bin/../lib/gcc/arm-none-eabi/13.3.1/../../../../arm-none-eabi/lib/thumb/v7-m/nofp/libc_nano.a(libc_a-nano-svfprintf.o)
 .rodata._printf_i.str1.1
                0x080049ed       0x22 /opt/st/stm32cubeide_1.18.1/plugins/com.st.stm32cube.ide.mcu.externaltools.gnu-tools-for-stm32.13.3.rel1.linux64_1.0.0.202410170706/tools/bin/../lib/gcc/arm-none-eabi/13.3.1/../../../../arm-none-eabi/lib/thumb/v7-m/nofp/libc_nano.a(libc_a-nano-vfprintf_i.o)
                0x08004cd0                        . = ALIGN (0x4)
 *fill*         0x080049ed        0x3 

.ARM.extab      0x080049f0        0x0
                0x080049f0                        . = ALIGN (0x4)
 *(.ARM.extab* .gnu.linkonce.armextab.*)
                0x080049f0                        . = ALIGN (0x4)

.ARM            0x080049f0        0x8
                0x080049f0                        . = ALIGN (0x4)
                0x080049f0                        __exidx_start = .
 *(.ARM.exidx*)
 .ARM.exidx     0x080049f0        0x8 /opt/st/stm32cubeide_1.18.1/plugins/com.st.stm32cube.ide.mcu.externaltools.gnu-tools-for-stm32.13.3.rel1.linux64_1.0.0.202410170706/tools/bin/../lib/gcc/arm-none-eabi/13.3.1/../../../../arm-none-eabi/lib/thumb/v7-m/nofp/libc_nano.a(libc_a-strlen.o)
                0x080049f8                        __exidx_end = .
                0x080049f8                        . = ALIGN (0x4)

.preinit_array  0x080049f8        0x0
                0x080049f8                        . = ALIGN (0x4)
                0x080049f8                        PROVIDE (__preinit_array_start = .)
 *(.preinit_array*)
                0x080049f8                        PROVIDE (__preinit_array_end = .)
                0x080049f8                        . = ALIGN (0x4)

.init_array     0x080049f8        0x4
                0x080049f8                        . = ALIGN (0x4)
                0x080049f8                        PROVIDE (__init_array_start = .)
 *(SORT_BY_NAME(.init_array.*))
 *(.init_array*)
 .init_array    0x080049f8        0x4 /opt/st/stm32cubeide_1.18.1/plugins/com.st.stm32cube.ide.mcu.externaltools.gnu-tools-for-stm32.13.3.rel1.linux64_1.0.0.202410170706/tools/bin/../lib/gcc/arm-none-eabi/13.3.1/thumb/v7-m/nofp/crtbegin.o
                0x080049fc                        PROVIDE (__init_array_end = .)
                0x080049fc                        . = ALIGN (0x4)

.fini_array     0x080049fc        0x4
                0x080049fc                        . = ALIGN (0x4)
                [!provide]                        PROVIDE (__fini_array_start = .)
 *(SORT_BY_NAME(.fini_array.*))
 *(.fini_array*)
 .fini_array    0x080049fc        0x4 /opt/st/stm32cubeide_1.18.1/plugins/com.st.stm32cube.ide.mcu.externaltools.gnu-tools-for-stm32.13.3.rel1.linux64_1.0.0.202410170706/tools/bin/../lib/gcc/arm-none-eabi/13.3.1/thumb/v7-m/nofp/crtbegin.o
                [!provide]                        PROVIDE (__fini_array_end = .)
                0x08004a00                        . = ALIGN (0x4)
                0x08004a00                        _sidata = LOADADDR (.data)

.rel.dyn        0x08004a00        0x0
 .rel.iplt      0x08004a00        0x0 /opt/st/stm32cubeide_1.18.1/plugins/com.st.stm32cube.ide.mcu.externaltools.gnu-tools-for-stm32.13.3.rel1.linux64_1.0.0.202410170706/tools/bin/../lib/gcc/arm-none-eabi/13.3.1/thumb/v7-m/nofp/crtbegin.o

.data           0x20000000      0x1a8 load address 0x08004a00
                0x20000000                        . = ALIGN (0x4)
                0x20000000                        _sdata = .
 *(.data)
 *(.data*)
 .data.gWIZNETINFO
                0x20000000       0x17 ./Core/Ethernet/eth_w5500.o
 *fill*         0x20000017        0x1 
 .data.sock_any_port
                0x20000018        0x2 ./Core/Ethernet/socket.o
 *fill*         0x2000001a        0x2 
 .data.WIZCHIP  0x2000001c       0x2c ./Core/Ethernet/wizchip_conf.o
                0x2000001c                WIZCHIP
 .data.device_config
                0x20000048      0x104 ./Core/HttpConfig/config.o
                0x20000048                device_config
 .data.SystemCoreClock
                0x2000014c        0x4 ./Core/Src/system_stm32f1xx.o
                0x2000014c                SystemCoreClock
 .data.uwTickFreq
                0x20000150        0x1 ./Drivers/STM32F1xx_HAL_Driver/Src/stm32f1xx_hal.o
                0x20000150                uwTickFreq
 *fill*         0x20000151        0x3 
 .data.uwTickPrio
                0x20000154        0x4 ./Drivers/STM32F1xx_HAL_Driver/Src/stm32f1xx_hal.o
                0x20000154                uwTickPrio
 .data._impure_ptr
                0x20000158        0x4 /opt/st/stm32cubeide_1.18.1/plugins/com.st.stm32cube.ide.mcu.externaltools.gnu-tools-for-stm32.13.3.rel1.linux64_1.0.0.202410170706/tools/bin/../lib/gcc/arm-none-eabi/13.3.1/../../../../arm-none-eabi/lib/thumb/v7-m/nofp/libc_nano.a(libc_a-impure.o)
                0x20000158                _impure_ptr
 .data._impure_data
                0x2000015c       0x4c /opt/st/stm32cubeide_1.18.1/plugins/com.st.stm32cube.ide.mcu.externaltools.gnu-tools-for-stm32.13.3.rel1.linux64_1.0.0.202410170706/tools/bin/../lib/gcc/arm-none-eabi/13.3.1/../../../../arm-none-eabi/lib/thumb/v7-m/nofp/libc_nano.a(libc_a-impure.o)
                0x2000015c                _impure_data
 *(.RamFunc)
 *(.RamFunc*)
                0x200001a8                        . = ALIGN (0x4)
                0x200001a8                        _edata = .

.igot.plt       0x200001a8        0x0 load address 0x08004ba8
 .igot.plt      0x200001a8        0x0 /opt/st/stm32cubeide_1.18.1/plugins/com.st.stm32cube.ide.mcu.externaltools.gnu-tools-for-stm32.13.3.rel1.linux64_1.0.0.202410170706/tools/bin/../lib/gcc/arm-none-eabi/13.3.1/thumb/v7-m/nofp/crtbegin.o
                0x200001a8                        . = ALIGN (0x4)

.bss            0x200001a8     0x1100 load address 0x08004ba8
                0x200001a8                        _sbss = .
                0x200001a8                        __bss_start__ = _sbss
 *(.bss)
 .bss           0x200001a8       0x1c /opt/st/stm32cubeide_1.18.1/plugins/com.st.stm32cube.ide.mcu.externaltools.gnu-tools-for-stm32.13.3.rel1.linux64_1.0.0.202410170706/tools/bin/../lib/gcc/arm-none-eabi/13.3.1/thumb/v7-m/nofp/crtbegin.o
 *(.bss*)
 .bss.buf.0     0x200001c4      0x5dc ./Core/DahuaEvents/http_digest.o
 .bss.in_whitelist
                0x200007a0        0x4 ./Core/DahuaEvents/http_digest.o
 .bss.scan_len  0x200007a4        0x4 ./Core/DahuaEvents/http_digest.o
 .bss.scan_buf  0x200007a8      0x100 ./Core/DahuaEvents/http_digest.o
 .bss.d         0x200008a8       0x2c ./Core/DahuaEvents/http_digest.o
                0x200008a8                d
 .bss.ctx       0x200008d4      0x5d0 ./Core/DahuaEvents/http_digest.o
 .bss.s_state   0x20000ea4        0x1 ./Core/DahuaEvents/http_digest.o
 *fill*         0x20000ea5        0x3 
 .bss.s_url     0x20000ea8        0x4 ./Core/DahuaEvents/http_digest.o
 .bss.s_port    0x20000eac        0x2 ./Core/DahuaEvents/http_digest.o
 .bss.s_ip      0x20000eae        0x4 ./Core/DahuaEvents/http_digest.o
 .bss.s_sock    0x20000eb2        0x1 ./Core/DahuaEvents/http_digest.o
 .bss.sock_pack_info
                0x20000eb3        0x8 ./Core/Ethernet/socket.o
                0x20000eb3                sock_pack_info
 *fill*         0x20000ebb        0x1 
 .bss.sock_remained_size
                0x20000ebc       0x10 ./Core/Ethernet/socket.o
 .bss.sock_is_sending
                0x20000ecc        0x2 ./Core/Ethernet/socket.o
 .bss.sock_io_mode
                0x20000ece        0x2 ./Core/Ethernet/socket.o
 .bss._DHCP_    0x20000ed0        0x1 ./Core/Ethernet/wizchip_conf.o
 .bss._DNS_     0x20000ed1        0x4 ./Core/Ethernet/wizchip_conf.o
 .bss.buffer    0x20000ed5      0x200 ./Core/HttpLogger/logger.o
 *fill*         0x200010d5        0x1 
 .bss.log_server_port
                0x200010d6        0x2 ./Core/HttpLogger/logger.o
 .bss.log_server_ip
                0x200010d8        0x4 ./Core/HttpLogger/logger.o
 .bss.hspi1     0x200010dc       0x58 ./Core/Src/main.o
                0x200010dc                hspi1
 .bss.relay_state
                0x20001134        0x1 ./Core/Src/relay.o
 *fill*         0x20001135        0x3 
 .bss.__sbrk_heap_end
                0x20001138        0x4 ./Core/Src/sysmem.o
 .bss.uwTick    0x2000113c        0x4 ./Drivers/STM32F1xx_HAL_Driver/Src/stm32f1xx_hal.o
                0x2000113c                uwTick
 .bss.pFlash    0x20001140       0x20 ./Drivers/STM32F1xx_HAL_Driver/Src/stm32f1xx_hal_flash.o
                0x20001140                pFlash
 .bss.__sf      0x20001160      0x138 /opt/st/stm32cubeide_1.18.1/plugins/com.st.stm32cube.ide.mcu.externaltools.gnu-tools-for-stm32.13.3.rel1.linux64_1.0.0.202410170706/tools/bin/../lib/gcc/arm-none-eabi/13.3.1/../../../../arm-none-eabi/lib/thumb/v7-m/nofp/libc_nano.a(libc_a-findfp.o)
                0x20001160                __sf
 .bss.errno     0x20001298        0x4 /opt/st/stm32cubeide_1.18.1/plugins/com.st.stm32cube.ide.mcu.externaltools.gnu-tools-for-stm32.13.3.rel1.linux64_1.0.0.202410170706/tools/bin/../lib/gcc/arm-none-eabi/13.3.1/../../../../arm-none-eabi/lib/thumb/v7-m/nofp/libc_nano.a(libc_a-reent.o)
                0x20001298                errno
 .bss.__lock___malloc_recursive_mutex
                0x2000129c        0x1 /opt/st/stm32cubeide_1.18.1/plugins/com.st.stm32cube.ide.mcu.externaltools.gnu-tools-for-stm32.13.3.rel1.linux64_1.0.0.202410170706/tools/bin/../lib/gcc/arm-none-eabi/13.3.1/../../../../arm-none-eabi/lib/thumb/v7-m/nofp/libc_nano.a(libc_a-lock.o)
                0x2000129c                __lock___malloc_recursive_mutex
 *fill*         0x2000129d        0x3 
 .bss.__malloc_sbrk_start
                0x200012a0        0x4 /opt/st/stm32cubeide_1.18.1/plugins/com.st.stm32cube.ide.mcu.externaltools.gnu-tools-for-stm32.13.3.rel1.linux64_1.0.0.202410170706/tools/bin/../lib/gcc/arm-none-eabi/13.3.1/../../../../arm-none-eabi/lib/thumb/v7-m/nofp/libc_nano.a(libc_a-mallocr.o)
                0x200012a0                __malloc_sbrk_start
 .bss.__malloc_free_list
                0x200012a4        0x4 /opt/st/stm32cubeide_1.18.1/plugins/com.st.stm32cube.ide.mcu.externaltools.gnu-tools-for-stm32.13.3.rel1.linux64_1.0.0.202410170706/tools/bin/../lib/gcc/arm-none-eabi/13.3.1/../../../../arm-none-eabi/lib/thumb/v7-m/nofp/libc_nano.a(libc_a-mallocr.o)
                0x200012a4                __malloc_free_list
 *(COMMON)
                0x200012a8                        . = ALIGN (0x4)
                0x200012a8                        _ebss = .
                0x200012a8                        __bss_end__ = _ebss

._user_heap_stack
                0x200012a8      0x600 load address 0x08004ba8
                0x200012a8                        . = ALIGN (0x8)
                [!provide]                        PROVIDE (end = .)
                0x200012a8                        PROVIDE (_end = .)
                0x200014a8                        . = (. + _Min_Heap_Size)
 *fill*         0x200012a8      0x200 
                0x200018a8                        . = (. + _Min_Stack_Size)
 *fill*         0x200014a8      0x400 
                0x200018a8                        . = ALIGN (0x8)

/DISCARD/
 libc.a(*)
 libm.a(*)
 libgcc.a(*)

.ARM.attributes
                0x00000000       0x29
 *(.ARM.attributes)
 .ARM.attributes
                0x00000000       0x1d /opt/st/stm32cubeide_1.18.1/plugins/com.st.stm32cube.ide.mcu.externaltools.gnu-tools-for-stm32.13.3.rel1.linux64_1.0.0.202410170706/tools/bin/../lib/gcc/arm-none-eabi/13.3.1/thumb/v7-m/nofp/crti.o
 .ARM.attributes
                0x0000001d       0x2d /opt/st/stm32cubeide_1.18.1/plugins/com.st.stm32cube.ide.mcu.externaltools.gnu-tools-for-stm32.13.3.rel1.linux64_1.0.0.202410170706/tools/bin/../lib/gcc/arm-none-eabi/13.3.1/thumb/v7-m/nofp/crtbegin.o
 .ARM.attributes
                0x0000004a       0x2d ./Core/DahuaEvents/client.o
 .ARM.attributes
                0x00000077       0x2d ./Core/DahuaEvents/digest.o
 .ARM.attributes
                0x000000a4       0x2d ./Core/DahuaEvents/hash.o
 .ARM.attributes
                0x000000d1       0x2d ./Core/DahuaEvents/http_digest.o
 .ARM.attributes
                0x000000fe       0x2d ./Core/DahuaEvents/md5.o
 .ARM.attributes
                0x0000012b       0x2d ./Core/DahuaEvents/parse.o
 .ARM.attributes
                0x00000158       0x2d ./Core/Ethernet/W5500/w5500.o
 .ARM.attributes
                0x00000185       0x2d ./Core/Ethernet/eth_w5500.o
 .ARM.attributes
                0x000001b2       0x2d ./Core/Ethernet/socket.o
 .ARM.attributes
                0x000001df       0x2d ./Core/Ethernet/wizchip_conf.o
 .ARM.attributes
                0x0000020c       0x2d ./Core/HttpConfig/config.o
 .ARM.attributes
                0x00000239       0x2d ./Core/HttpLogger/logger.o
 .ARM.attributes
                0x00000266       0x2d ./Core/Src/main.o
 .ARM.attributes
                0x00000293       0x2d ./Core/Src/relay.o
 .ARM.attributes
                0x000002c0       0x2d ./Core/Src/stm32f1xx_hal_msp.o
 .ARM.attributes
                0x000002ed       0x2d ./Core/Src/stm32f1xx_it.o
 .ARM.attributes
                0x0000031a       0x2d ./Core/Src/sysmem.o
 .ARM.attributes
                0x00000347       0x2d ./Core/Src/system_stm32f1xx.o
 .ARM.attributes
                0x00000374       0x21 ./Core/Startup/startup_stm32f103c6tx.o
 .ARM.attributes
                0x00000395       0x2d ./Drivers/STM32F1xx_HAL_Driver/Src/stm32f1xx_hal.o
 .ARM.attributes
                0x000003c2       0x2d ./Drivers/STM32F1xx_HAL_Driver/Src/stm32f1xx_hal_cortex.o
 .ARM.attributes
                0x000003ef       0x2d ./Drivers/STM32F1xx_HAL_Driver/Src/stm32f1xx_hal_flash.o
 .ARM.attributes
                0x0000041c       0x2d ./Drivers/STM32F1xx_HAL_Driver/Src/stm32f1xx_hal_flash_ex.o
 .ARM.attributes
                0x00000449       0x2d ./Drivers/STM32F1xx_HAL_Driver/Src/stm32f1xx_hal_gpio.o
 .ARM.attributes
                0x00000476       0x2d ./Drivers/STM32F1xx_HAL_Driver/Src/stm32f1xx_hal_rcc.o
 .ARM.attributes
                0x000004a3       0x2d ./Drivers/STM32F1xx_HAL_Driver/Src/stm32f1xx_hal_spi.o
 .ARM.attributes
                0x000004d0       0x2d /opt/st/stm32cubeide_1.18.1/plugins/com.st.stm32cube.ide.mcu.externaltools.gnu-tools-for-stm32.13.3.rel1.linux64_1.0.0.202410170706/tools/bin/../lib/gcc/arm-none-eabi/13.3.1/../../../../arm-none-eabi/lib/thumb/v7-m/nofp/libc_nano.a(libc_a-ctype_.o)
 .ARM.attributes
                0x000004fd       0x2d /opt/st/stm32cubeide_1.18.1/plugins/com.st.stm32cube.ide.mcu.externaltools.gnu-tools-for-stm32.13.3.rel1.linux64_1.0.0.202410170706/tools/bin/../lib/gcc/arm-none-eabi/13.3.1/../../../../arm-none-eabi/lib/thumb/v7-m/nofp/libc_nano.a(libc_a-findfp.o)
 .ARM.attributes
                0x0000052a       0x2d /opt/st/stm32cubeide_1.18.1/plugins/com.st.stm32cube.ide.mcu.externaltools.gnu-tools-for-stm32.13.3.rel1.linux64_1.0.0.202410170706/tools/bin/../lib/gcc/arm-none-eabi/13.3.1/../../../../arm-none-eabi/lib/thumb/v7-m/nofp/libc_nano.a(libc_a-snprintf.o)
 .ARM.attributes
                0x00000557       0x2d /opt/st/stm32cubeide_1.18.1/plugins/com.st.stm32cube.ide.mcu.externaltools.gnu-tools-for-stm32.13.3.rel1.linux64_1.0.0.202410170706/tools/bin/../lib/gcc/arm-none-eabi/13.3.1/../../../../arm-none-eabi/lib/thumb/v7-m/nofp/libc_nano.a(libc_a-sprintf.o)
 .ARM.attributes
                0x00000584       0x2d /opt/st/stm32cubeide_1.18.1/plugins/com.st.stm32cube.ide.mcu.externaltools.gnu-tools-for-stm32.13.3.rel1.linux64_1.0.0.202410170706/tools/bin/../lib/gcc/arm-none-eabi/13.3.1/../../../../arm-none-eabi/lib/thumb/v7-m/nofp/libc_nano.a(libc_a-vsnprintf.o)
 .ARM.attributes
                0x000005b1       0x2d /opt/st/stm32cubeide_1.18.1/plugins/com.st.stm32cube.ide.mcu.externaltools.gnu-tools-for-stm32.13.3.rel1.linux64_1.0.0.202410170706/tools/bin/../lib/gcc/arm-none-eabi/13.3.1/../../../../arm-none-eabi/lib/thumb/v7-m/nofp/libc_nano.a(libc_a-memset.o)
 .ARM.attributes
                0x000005de       0x2d /opt/st/stm32cubeide_1.18.1/plugins/com.st.stm32cube.ide.mcu.externaltools.gnu-tools-for-stm32.13.3.rel1.linux64_1.0.0.202410170706/tools/bin/../lib/gcc/arm-none-eabi/13.3.1/../../../../arm-none-eabi/lib/thumb/v7-m/nofp/libc_nano.a(libc_a-strchr.o)
 .ARM.attributes
                0x0000060b       0x2d /opt/st/stm32cubeide_1.18.1/plugins/com.st.stm32cube.ide.mcu.externaltools.gnu-tools-for-stm32.13.3.rel1.linux64_1.0.0.202410170706/tools/bin/../lib/gcc/arm-none-eabi/13.3.1/../../../../arm-none-eabi/lib/thumb/v7-m/nofp/libc_nano.a(libc_a-strdup.o)
 .ARM.attributes
                0x00000638       0x2d /opt/st/stm32cubeide_1.18.1/plugins/com.st.stm32cube.ide.mcu.externaltools.gnu-tools-for-stm32.13.3.rel1.linux64_1.0.0.202410170706/tools/bin/../lib/gcc/arm-none-eabi/13.3.1/../../../../arm-none-eabi/lib/thumb/v7-m/nofp/libc_nano.a(libc_a-strdup_r.o)
 .ARM.attributes
                0x00000665       0x2d /opt/st/stm32cubeide_1.18.1/plugins/com.st.stm32cube.ide.mcu.externaltools.gnu-tools-for-stm32.13.3.rel1.linux64_1.0.0.202410170706/tools/bin/../lib/gcc/arm-none-eabi/13.3.1/../../../../arm-none-eabi/lib/thumb/v7-m/nofp/libc_nano.a(libc_a-strncmp.o)
 .ARM.attributes
                0x00000692       0x2d /opt/st/stm32cubeide_1.18.1/plugins/com.st.stm32cube.ide.mcu.externaltools.gnu-tools-for-stm32.13.3.rel1.linux64_1.0.0.202410170706/tools/bin/../lib/gcc/arm-none-eabi/13.3.1/../../../../arm-none-eabi/lib/thumb/v7-m/nofp/libc_nano.a(libc_a-strstr.o)
 .ARM.attributes
                0x000006bf       0x2d /opt/st/stm32cubeide_1.18.1/plugins/com.st.stm32cube.ide.mcu.externaltools.gnu-tools-for-stm32.13.3.rel1.linux64_1.0.0.202410170706/tools/bin/../lib/gcc/arm-none-eabi/13.3.1/../../../../arm-none-eabi/lib/thumb/v7-m/nofp/libc_nano.a(libc_a-time.o)
 .ARM.attributes
                0x000006ec       0x2d /opt/st/stm32cubeide_1.18.1/plugins/com.st.stm32cube.ide.mcu.externaltools.gnu-tools-for-stm32.13.3.rel1.linux64_1.0.0.202410170706/tools/bin/../lib/gcc/arm-none-eabi/13.3.1/../../../../arm-none-eabi/lib/thumb/v7-m/nofp/libc_nano.a(libc_a-reent.o)
 .ARM.attributes
                0x00000719       0x2d /opt/st/stm32cubeide_1.18.1/plugins/com.st.stm32cube.ide.mcu.externaltools.gnu-tools-for-stm32.13.3.rel1.linux64_1.0.0.202410170706/tools/bin/../lib/gcc/arm-none-eabi/13.3.1/../../../../arm-none-eabi/lib/thumb/v7-m/nofp/libc_nano.a(libc_a-impure.o)
 .ARM.attributes
                0x00000746       0x2d /opt/st/stm32cubeide_1.18.1/plugins/com.st.stm32cube.ide.mcu.externaltools.gnu-tools-for-stm32.13.3.rel1.linux64_1.0.0.202410170706/tools/bin/../lib/gcc/arm-none-eabi/13.3.1/../../../../arm-none-eabi/lib/thumb/v7-m/nofp/libc_nano.a(libc_a-gettimeofdayr.o)
 .ARM.attributes
                0x00000773       0x2d /opt/st/stm32cubeide_1.18.1/plugins/com.st.stm32cube.ide.mcu.externaltools.gnu-tools-for-stm32.13.3.rel1.linux64_1.0.0.202410170706/tools/bin/../lib/gcc/arm-none-eabi/13.3.1/../../../../arm-none-eabi/lib/thumb/v7-m/nofp/libc_nano.a(libc_a-errno.o)
 .ARM.attributes
                0x000007a0       0x2d /opt/st/stm32cubeide_1.18.1/plugins/com.st.stm32cube.ide.mcu.externaltools.gnu-tools-for-stm32.13.3.rel1.linux64_1.0.0.202410170706/tools/bin/../lib/gcc/arm-none-eabi/13.3.1/../../../../arm-none-eabi/lib/thumb/v7-m/nofp/libc_nano.a(libc_a-init.o)
 .ARM.attributes
                0x000007cd       0x2d /opt/st/stm32cubeide_1.18.1/plugins/com.st.stm32cube.ide.mcu.externaltools.gnu-tools-for-stm32.13.3.rel1.linux64_1.0.0.202410170706/tools/bin/../lib/gcc/arm-none-eabi/13.3.1/../../../../arm-none-eabi/lib/thumb/v7-m/nofp/libc_nano.a(libc_a-lock.o)
 .ARM.attributes
                0x000007fa       0x2d /opt/st/stm32cubeide_1.18.1/plugins/com.st.stm32cube.ide.mcu.externaltools.gnu-tools-for-stm32.13.3.rel1.linux64_1.0.0.202410170706/tools/bin/../lib/gcc/arm-none-eabi/13.3.1/../../../../arm-none-eabi/lib/thumb/v7-m/nofp/libc_nano.a(libc_a-memcpy-stub.o)
 .ARM.attributes
                0x00000827       0x17 /opt/st/stm32cubeide_1.18.1/plugins/com.st.stm32cube.ide.mcu.externaltools.gnu-tools-for-stm32.13.3.rel1.linux64_1.0.0.202410170706/tools/bin/../lib/gcc/arm-none-eabi/13.3.1/../../../../arm-none-eabi/lib/thumb/v7-m/nofp/libc_nano.a(libc_a-strlen.o)
 .ARM.attributes
                0x0000083e       0x2d /opt/st/stm32cubeide_1.18.1/plugins/com.st.stm32cube.ide.mcu.externaltools.gnu-tools-for-stm32.13.3.rel1.linux64_1.0.0.202410170706/tools/bin/../lib/gcc/arm-none-eabi/13.3.1/../../../../arm-none-eabi/lib/thumb/v7-m/nofp/libc_nano.a(libc_a-freer.o)
 .ARM.attributes
                0x0000086b       0x2d /opt/st/stm32cubeide_1.18.1/plugins/com.st.stm32cube.ide.mcu.externaltools.gnu-tools-for-stm32.13.3.rel1.linux64_1.0.0.202410170706/tools/bin/../lib/gcc/arm-none-eabi/13.3.1/../../../../arm-none-eabi/lib/thumb/v7-m/nofp/libc_nano.a(libc_a-mallocr.o)
 .ARM.attributes
                0x00000898       0x2d /opt/st/stm32cubeide_1.18.1/plugins/com.st.stm32cube.ide.mcu.externaltools.gnu-tools-for-stm32.13.3.rel1.linux64_1.0.0.202410170706/tools/bin/../lib/gcc/arm-none-eabi/13.3.1/../../../../arm-none-eabi/lib/thumb/v7-m/nofp/libc_nano.a(libc_a-mlock.o)
 .ARM.attributes
                0x000008c5       0x2d /opt/st/stm32cubeide_1.18.1/plugins/com.st.stm32cube.ide.mcu.externaltools.gnu-tools-for-stm32.13.3.rel1.linux64_1.0.0.202410170706/tools/bin/../lib/gcc/arm-none-eabi/13.3.1/../../../../arm-none-eabi/lib/thumb/v7-m/nofp/libc_nano.a(libc_a-nano-svfprintf.o)
 .ARM.attributes
                0x000008f2       0x2d /opt/st/stm32cubeide_1.18.1/plugins/com.st.stm32cube.ide.mcu.externaltools.gnu-tools-for-stm32.13.3.rel1.linux64_1.0.0.202410170706/tools/bin/../lib/gcc/arm-none-eabi/13.3.1/../../../../arm-none-eabi/lib/thumb/v7-m/nofp/libc_nano.a(libc_a-nano-vfprintf_i.o)
 .ARM.attributes
                0x0000091f       0x2d /opt/st/stm32cubeide_1.18.1/plugins/com.st.stm32cube.ide.mcu.externaltools.gnu-tools-for-stm32.13.3.rel1.linux64_1.0.0.202410170706/tools/bin/../lib/gcc/arm-none-eabi/13.3.1/../../../../arm-none-eabi/lib/thumb/v7-m/nofp/libc_nano.a(libc_a-memmove.o)
 .ARM.attributes
                0x0000094c       0x2d /opt/st/stm32cubeide_1.18.1/plugins/com.st.stm32cube.ide.mcu.externaltools.gnu-tools-for-stm32.13.3.rel1.linux64_1.0.0.202410170706/tools/bin/../lib/gcc/arm-none-eabi/13.3.1/../../../../arm-none-eabi/lib/thumb/v7-m/nofp/libc_nano.a(libc_a-sbrkr.o)
 .ARM.attributes
                0x00000979       0x2d /opt/st/stm32cubeide_1.18.1/plugins/com.st.stm32cube.ide.mcu.externaltools.gnu-tools-for-stm32.13.3.rel1.linux64_1.0.0.202410170706/tools/bin/../lib/gcc/arm-none-eabi/13.3.1/../../../../arm-none-eabi/lib/thumb/v7-m/nofp/libc_nano.a(libc_a-memchr-stub.o)
 .ARM.attributes
                0x000009a6       0x2d /opt/st/stm32cubeide_1.18.1/plugins/com.st.stm32cube.ide.mcu.externaltools.gnu-tools-for-stm32.13.3.rel1.linux64_1.0.0.202410170706/tools/bin/../lib/gcc/arm-none-eabi/13.3.1/../../../../arm-none-eabi/lib/thumb/v7-m/nofp/libc_nano.a(libc_a-reallocr.o)
 .ARM.attributes
                0x000009d3       0x2d /opt/st/stm32cubeide_1.18.1/plugins/com.st.stm32cube.ide.mcu.externaltools.gnu-tools-for-stm32.13.3.rel1.linux64_1.0.0.202410170706/tools/bin/../lib/gcc/arm-none-eabi/13.3.1/../../../../arm-none-eabi/lib/thumb/v7-m/nofp/libc_nano.a(libc_a-msizer.o)
 .ARM.attributes
                0x00000a00       0x2d /opt/st/stm32cubeide_1.18.1/plugins/com.st.stm32cube.ide.mcu.externaltools.gnu-tools-for-stm32.13.3.rel1.linux64_1.0.0.202410170706/tools/bin/../lib/gcc/arm-none-eabi/13.3.1/../../../../arm-none-eabi/lib/thumb/v7-m/nofp/libnosys.a(gettod.o)
 .ARM.attributes
                0x00000a2d       0x1d /opt/st/stm32cubeide_1.18.1/plugins/com.st.stm32cube.ide.mcu.externaltools.gnu-tools-for-stm32.13.3.rel1.linux64_1.0.0.202410170706/tools/bin/../lib/gcc/arm-none-eabi/13.3.1/thumb/v7-m/nofp/crtn.o
OUTPUT(test_f103_c6.elf elf32-littlearm)
LOAD linker stubs
LOAD /opt/st/stm32cubeide_1.18.1/plugins/com.st.stm32cube.ide.mcu.externaltools.gnu-tools-for-stm32.13.3.rel1.linux64_1.0.0.202410170706/tools/bin/../lib/gcc/arm-none-eabi/13.3.1/../../../../arm-none-eabi/lib/thumb/v7-m/nofp/libc.a
LOAD /opt/st/stm32cubeide_1.18.1/plugins/com.st.stm32cube.ide.mcu.externaltools.gnu-tools-for-stm32.13.3.rel1.linux64_1.0.0.202410170706/tools/bin/../lib/gcc/arm-none-eabi/13.3.1/../../../../arm-none-eabi/lib/thumb/v7-m/nofp/libm.a
LOAD /opt/st/stm32cubeide_1.18.1/plugins/com.st.stm32cube.ide.mcu.externaltools.gnu-tools-for-stm32.13.3.rel1.linux64_1.0.0.202410170706/tools/bin/../lib/gcc/arm-none-eabi/13.3.1/thumb/v7-m/nofp/libgcc.a

.debug_info     0x00000000     0xf6da
 .debug_info    0x00000000      0x5b4 ./Core/DahuaEvents/client.o
 .debug_info    0x000005b4      0x37e ./Core/DahuaEvents/digest.o
 .debug_info    0x00000932      0x629 ./Core/DahuaEvents/hash.o
 .debug_info    0x00000f5b     0x158d ./Core/DahuaEvents/http_digest.o
 .debug_info    0x000024e8      0x554 ./Core/DahuaEvents/md5.o
 .debug_info    0x00002a3c      0x6f3 ./Core/DahuaEvents/parse.o
 .debug_info    0x0000312f      0x9d6 ./Core/Ethernet/W5500/w5500.o
 .debug_info    0x00003b05      0xe2e ./Core/Ethernet/eth_w5500.o
 .debug_info    0x00004933     0x182b ./Core/Ethernet/socket.o
 .debug_info    0x0000615e     0x16a6 ./Core/Ethernet/wizchip_conf.o
 .debug_info    0x00007804      0x472 ./Core/HttpConfig/config.o
 .debug_info    0x00007c76      0x62a ./Core/HttpLogger/logger.o
 .debug_info    0x000082a0      0xf31 ./Core/Src/main.o
 .debug_info    0x000091d1      0x34c ./Core/Src/relay.o
 .debug_info    0x0000951d      0x88a ./Core/Src/stm32f1xx_hal_msp.o
 .debug_info    0x00009da7      0x115 ./Core/Src/stm32f1xx_it.o
 .debug_info    0x00009ebc      0x175 ./Core/Src/sysmem.o
 .debug_info    0x0000a031      0x3fc ./Core/Src/system_stm32f1xx.o
 .debug_info    0x0000a42d       0x30 ./Core/Startup/startup_stm32f103c6tx.o
 .debug_info    0x0000a45d      0x7a3 ./Drivers/STM32F1xx_HAL_Driver/Src/stm32f1xx_hal.o
 .debug_info    0x0000ac00      0xccf ./Drivers/STM32F1xx_HAL_Driver/Src/stm32f1xx_hal_cortex.o
 .debug_info    0x0000b8cf      0x669 ./Drivers/STM32F1xx_HAL_Driver/Src/stm32f1xx_hal_flash.o
 .debug_info    0x0000bf38      0xa98 ./Drivers/STM32F1xx_HAL_Driver/Src/stm32f1xx_hal_flash_ex.o
 .debug_info    0x0000c9d0      0x5fb ./Drivers/STM32F1xx_HAL_Driver/Src/stm32f1xx_hal_gpio.o
 .debug_info    0x0000cfcb      0xa0f ./Drivers/STM32F1xx_HAL_Driver/Src/stm32f1xx_hal_rcc.o
 .debug_info    0x0000d9da     0x1d00 ./Drivers/STM32F1xx_HAL_Driver/Src/stm32f1xx_hal_spi.o

.debug_abbrev   0x00000000     0x3bda
 .debug_abbrev  0x00000000      0x1b5 ./Core/DahuaEvents/client.o
 .debug_abbrev  0x000001b5      0x160 ./Core/DahuaEvents/digest.o
 .debug_abbrev  0x00000315      0x195 ./Core/DahuaEvents/hash.o
 .debug_abbrev  0x000004aa      0x441 ./Core/DahuaEvents/http_digest.o
 .debug_abbrev  0x000008eb      0x239 ./Core/DahuaEvents/md5.o
 .debug_abbrev  0x00000b24      0x1fb ./Core/DahuaEvents/parse.o
 .debug_abbrev  0x00000d1f      0x287 ./Core/Ethernet/W5500/w5500.o
 .debug_abbrev  0x00000fa6      0x2dd ./Core/Ethernet/eth_w5500.o
 .debug_abbrev  0x00001283      0x318 ./Core/Ethernet/socket.o
 .debug_abbrev  0x0000159b      0x425 ./Core/Ethernet/wizchip_conf.o
 .debug_abbrev  0x000019c0      0x205 ./Core/HttpConfig/config.o
 .debug_abbrev  0x00001bc5      0x1e5 ./Core/HttpLogger/logger.o
 .debug_abbrev  0x00001daa      0x367 ./Core/Src/main.o
 .debug_abbrev  0x00002111      0x192 ./Core/Src/relay.o
 .debug_abbrev  0x000022a3      0x1d9 ./Core/Src/stm32f1xx_hal_msp.o
 .debug_abbrev  0x0000247c       0xb6 ./Core/Src/stm32f1xx_it.o
 .debug_abbrev  0x00002532       0xec ./Core/Src/sysmem.o
 .debug_abbrev  0x0000261e      0x143 ./Core/Src/system_stm32f1xx.o
 .debug_abbrev  0x00002761       0x24 ./Core/Startup/startup_stm32f103c6tx.o
 .debug_abbrev  0x00002785      0x285 ./Drivers/STM32F1xx_HAL_Driver/Src/stm32f1xx_hal.o
 .debug_abbrev  0x00002a0a      0x36b ./Drivers/STM32F1xx_HAL_Driver/Src/stm32f1xx_hal_cortex.o
 .debug_abbrev  0x00002d75      0x30e ./Drivers/STM32F1xx_HAL_Driver/Src/stm32f1xx_hal_flash.o
 .debug_abbrev  0x00003083      0x304 ./Drivers/STM32F1xx_HAL_Driver/Src/stm32f1xx_hal_flash_ex.o
 .debug_abbrev  0x00003387      0x1fe ./Drivers/STM32F1xx_HAL_Driver/Src/stm32f1xx_hal_gpio.o
 .debug_abbrev  0x00003585      0x2fd ./Drivers/STM32F1xx_HAL_Driver/Src/stm32f1xx_hal_rcc.o
 .debug_abbrev  0x00003882      0x358 ./Drivers/STM32F1xx_HAL_Driver/Src/stm32f1xx_hal_spi.o

.debug_loclists
                0x00000000     0x6627
 .debug_loclists
                0x00000000      0x114 ./Core/DahuaEvents/client.o
 .debug_loclists
                0x00000114      0x2d4 ./Core/DahuaEvents/digest.o
 .debug_loclists
                0x000003e8      0x2f8 ./Core/DahuaEvents/hash.o
 .debug_loclists
                0x000006e0      0x583 ./Core/DahuaEvents/http_digest.o
 .debug_loclists
                0x00000c63      0xde6 ./Core/DahuaEvents/md5.o
 .debug_loclists
                0x00001a49      0x284 ./Core/DahuaEvents/parse.o
 .debug_loclists
                0x00001ccd      0x517 ./Core/Ethernet/W5500/w5500.o
 .debug_loclists
                0x000021e4       0x70 ./Core/Ethernet/eth_w5500.o
 .debug_loclists
                0x00002254     0x1289 ./Core/Ethernet/socket.o
 .debug_loclists
                0x000034dd      0xc2c ./Core/Ethernet/wizchip_conf.o
 .debug_loclists
                0x00004109       0x47 ./Core/HttpConfig/config.o
 .debug_loclists
                0x00004150       0xcd ./Core/HttpLogger/logger.o
 .debug_loclists
                0x0000421d       0x20 ./Core/Src/main.o
 .debug_loclists
                0x0000423d       0x5f ./Core/Src/stm32f1xx_hal_msp.o
 .debug_loclists
                0x0000429c       0x3b ./Core/Src/sysmem.o
 .debug_loclists
                0x000042d7       0xac ./Core/Src/system_stm32f1xx.o
 .debug_loclists
                0x00004383       0xad ./Drivers/STM32F1xx_HAL_Driver/Src/stm32f1xx_hal.o
 .debug_loclists
                0x00004430      0x3cb ./Drivers/STM32F1xx_HAL_Driver/Src/stm32f1xx_hal_cortex.o
 .debug_loclists
                0x000047fb      0x268 ./Drivers/STM32F1xx_HAL_Driver/Src/stm32f1xx_hal_flash.o
 .debug_loclists
                0x00004a63      0x410 ./Drivers/STM32F1xx_HAL_Driver/Src/stm32f1xx_hal_flash_ex.o
 .debug_loclists
                0x00004e73      0x2b5 ./Drivers/STM32F1xx_HAL_Driver/Src/stm32f1xx_hal_gpio.o
 .debug_loclists
                0x00005128      0x404 ./Drivers/STM32F1xx_HAL_Driver/Src/stm32f1xx_hal_rcc.o
 .debug_loclists
                0x0000552c     0x10fb ./Drivers/STM32F1xx_HAL_Driver/Src/stm32f1xx_hal_spi.o

.debug_aranges  0x00000000      0xad8
 .debug_aranges
                0x00000000       0x28 ./Core/DahuaEvents/client.o
 .debug_aranges
                0x00000028       0x38 ./Core/DahuaEvents/digest.o
 .debug_aranges
                0x00000060       0x40 ./Core/DahuaEvents/hash.o
 .debug_aranges
                0x000000a0       0x30 ./Core/DahuaEvents/http_digest.o
 .debug_aranges
                0x000000d0       0x38 ./Core/DahuaEvents/md5.o
 .debug_aranges
                0x00000108       0x38 ./Core/DahuaEvents/parse.o
 .debug_aranges
                0x00000140       0x60 ./Core/Ethernet/W5500/w5500.o
 .debug_aranges
                0x000001a0       0x68 ./Core/Ethernet/eth_w5500.o
 .debug_aranges
                0x00000208       0xa8 ./Core/Ethernet/socket.o
 .debug_aranges
                0x000002b0      0x168 ./Core/Ethernet/wizchip_conf.o
 .debug_aranges
                0x00000418       0x20 ./Core/HttpConfig/config.o
 .debug_aranges
                0x00000438       0x40 ./Core/HttpLogger/logger.o
 .debug_aranges
                0x00000478       0x30 ./Core/Src/main.o
 .debug_aranges
                0x000004a8       0x38 ./Core/Src/relay.o
 .debug_aranges
                0x000004e0       0x30 ./Core/Src/stm32f1xx_hal_msp.o
 .debug_aranges
                0x00000510       0x60 ./Core/Src/stm32f1xx_it.o
 .debug_aranges
                0x00000570       0x20 ./Core/Src/sysmem.o
 .debug_aranges
                0x00000590       0x28 ./Core/Src/system_stm32f1xx.o
 .debug_aranges
                0x000005b8       0x28 ./Core/Startup/startup_stm32f103c6tx.o
 .debug_aranges
                0x000005e0       0xe0 ./Drivers/STM32F1xx_HAL_Driver/Src/stm32f1xx_hal.o
 .debug_aranges
                0x000006c0       0x90 ./Drivers/STM32F1xx_HAL_Driver/Src/stm32f1xx_hal_cortex.o
 .debug_aranges
                0x00000750       0x80 ./Drivers/STM32F1xx_HAL_Driver/Src/stm32f1xx_hal_flash.o
 .debug_aranges
                0x000007d0       0x58 ./Drivers/STM32F1xx_HAL_Driver/Src/stm32f1xx_hal_flash_ex.o
 .debug_aranges
                0x00000828       0x58 ./Drivers/STM32F1xx_HAL_Driver/Src/stm32f1xx_hal_gpio.o
 .debug_aranges
                0x00000880       0x88 ./Drivers/STM32F1xx_HAL_Driver/Src/stm32f1xx_hal_rcc.o
 .debug_aranges
                0x00000908      0x1d0 ./Drivers/STM32F1xx_HAL_Driver/Src/stm32f1xx_hal_spi.o

.debug_rnglists
                0x00000000      0xb7f
 .debug_rnglists
                0x00000000       0x1a ./Core/DahuaEvents/client.o
 .debug_rnglists
                0x0000001a       0x25 ./Core/DahuaEvents/digest.o
 .debug_rnglists
                0x0000003f       0x2b ./Core/DahuaEvents/hash.o
 .debug_rnglists
                0x0000006a      0x126 ./Core/DahuaEvents/http_digest.o
 .debug_rnglists
                0x00000190       0x5b ./Core/DahuaEvents/md5.o
 .debug_rnglists
                0x000001eb       0x50 ./Core/DahuaEvents/parse.o
 .debug_rnglists
                0x0000023b       0x43 ./Core/Ethernet/W5500/w5500.o
 .debug_rnglists
                0x0000027e       0x66 ./Core/Ethernet/eth_w5500.o
 .debug_rnglists
                0x000002e4       0x91 ./Core/Ethernet/socket.o
 .debug_rnglists
                0x00000375      0x129 ./Core/Ethernet/wizchip_conf.o
 .debug_rnglists
                0x0000049e       0x13 ./Core/HttpConfig/config.o
 .debug_rnglists
                0x000004b1       0x7d ./Core/HttpLogger/logger.o
 .debug_rnglists
                0x0000052e       0x5a ./Core/Src/main.o
 .debug_rnglists
                0x00000588       0x34 ./Core/Src/relay.o
 .debug_rnglists
                0x000005bc       0x5e ./Core/Src/stm32f1xx_hal_msp.o
 .debug_rnglists
                0x0000061a       0x43 ./Core/Src/stm32f1xx_it.o
 .debug_rnglists
                0x0000065d       0x13 ./Core/Src/sysmem.o
 .debug_rnglists
                0x00000670       0x19 ./Core/Src/system_stm32f1xx.o
 .debug_rnglists
                0x00000689       0x19 ./Core/Startup/startup_stm32f103c6tx.o
 .debug_rnglists
                0x000006a2       0xa3 ./Drivers/STM32F1xx_HAL_Driver/Src/stm32f1xx_hal.o
 .debug_rnglists
                0x00000745       0xd3 ./Drivers/STM32F1xx_HAL_Driver/Src/stm32f1xx_hal_cortex.o
 .debug_rnglists
                0x00000818       0x8a ./Drivers/STM32F1xx_HAL_Driver/Src/stm32f1xx_hal_flash.o
 .debug_rnglists
                0x000008a2       0x96 ./Drivers/STM32F1xx_HAL_Driver/Src/stm32f1xx_hal_flash_ex.o
 .debug_rnglists
                0x00000938       0x51 ./Drivers/STM32F1xx_HAL_Driver/Src/stm32f1xx_hal_gpio.o
 .debug_rnglists
                0x00000989       0x85 ./Drivers/STM32F1xx_HAL_Driver/Src/stm32f1xx_hal_rcc.o
 .debug_rnglists
                0x00000a0e      0x171 ./Drivers/STM32F1xx_HAL_Driver/Src/stm32f1xx_hal_spi.o

.debug_macro    0x00000000     0x4714
 .debug_macro   0x00000000      0x251 ./Core/DahuaEvents/client.o
 .debug_macro   0x00000251       0x24 ./Core/DahuaEvents/client.o
 .debug_macro   0x00000275       0x5b ./Core/DahuaEvents/client.o
 .debug_macro   0x000002d0       0x94 ./Core/DahuaEvents/client.o
 .debug_macro   0x00000364       0x43 ./Core/DahuaEvents/client.o
 .debug_macro   0x000003a7       0x34 ./Core/DahuaEvents/client.o
 .debug_macro   0x000003db       0x16 ./Core/DahuaEvents/client.o
 .debug_macro   0x000003f1      0x11c ./Core/DahuaEvents/client.o
 .debug_macro   0x0000050d       0x9b ./Core/DahuaEvents/client.o
 .debug_macro   0x000005a8       0x57 ./Core/DahuaEvents/client.o
 .debug_macro   0x000005ff      0x370 ./Core/DahuaEvents/client.o
 .debug_macro   0x0000096f       0x16 ./Core/DahuaEvents/client.o
 .debug_macro   0x00000985       0x4a ./Core/DahuaEvents/client.o
 .debug_macro   0x000009cf       0x34 ./Core/DahuaEvents/client.o
 .debug_macro   0x00000a03       0x10 ./Core/DahuaEvents/client.o
 .debug_macro   0x00000a13       0x58 ./Core/DahuaEvents/client.o
 .debug_macro   0x00000a6b       0x8e ./Core/DahuaEvents/client.o
 .debug_macro   0x00000af9       0x1c ./Core/DahuaEvents/client.o
 .debug_macro   0x00000b15      0x185 ./Core/DahuaEvents/client.o
 .debug_macro   0x00000c9a       0x16 ./Core/DahuaEvents/client.o
 .debug_macro   0x00000cb0       0x29 ./Core/DahuaEvents/client.o
 .debug_macro   0x00000cd9       0x1c ./Core/DahuaEvents/client.o
 .debug_macro   0x00000cf5       0x3c ./Core/DahuaEvents/client.o
 .debug_macro   0x00000d31       0x10 ./Core/DahuaEvents/client.o
 .debug_macro   0x00000d41       0x1c ./Core/DahuaEvents/client.o
 .debug_macro   0x00000d5d       0x16 ./Core/DahuaEvents/client.o
 .debug_macro   0x00000d73      0x146 ./Core/DahuaEvents/client.o
 .debug_macro   0x00000eb9       0x16 ./Core/DahuaEvents/client.o
 .debug_macro   0x00000ecf       0x20 ./Core/DahuaEvents/client.o
 .debug_macro   0x00000eef       0x16 ./Core/DahuaEvents/client.o
 .debug_macro   0x00000f05       0x10 ./Core/DahuaEvents/client.o
 .debug_macro   0x00000f15       0x10 ./Core/DahuaEvents/client.o
 .debug_macro   0x00000f25       0x10 ./Core/DahuaEvents/client.o
 .debug_macro   0x00000f35       0x1c ./Core/DahuaEvents/client.o
 .debug_macro   0x00000f51       0x52 ./Core/DahuaEvents/client.o
 .debug_macro   0x00000fa3       0x22 ./Core/DahuaEvents/client.o
 .debug_macro   0x00000fc5       0x10 ./Core/DahuaEvents/client.o
 .debug_macro   0x00000fd5       0x52 ./Core/DahuaEvents/client.o
 .debug_macro   0x00001027       0xc1 ./Core/DahuaEvents/client.o
 .debug_macro   0x000010e8       0x1c ./Core/DahuaEvents/client.o
 .debug_macro   0x00001104       0x3d ./Core/DahuaEvents/client.o
 .debug_macro   0x00001141       0x35 ./Core/DahuaEvents/client.o
 .debug_macro   0x00001176       0x52 ./Core/DahuaEvents/client.o
 .debug_macro   0x000011c8       0x4c ./Core/DahuaEvents/client.o
 .debug_macro   0x00001214      0x13c ./Core/DahuaEvents/digest.o
 .debug_macro   0x00001350      0x1a6 ./Core/DahuaEvents/hash.o
 .debug_macro   0x000014f6      0x307 ./Core/DahuaEvents/http_digest.o
 .debug_macro   0x000017fd       0x10 ./Core/DahuaEvents/http_digest.o
 .debug_macro   0x0000180d      0x11f ./Core/DahuaEvents/http_digest.o
 .debug_macro   0x0000192c       0x91 ./Core/DahuaEvents/http_digest.o
 .debug_macro   0x000019bd      0x5fc ./Core/DahuaEvents/http_digest.o
 .debug_macro   0x00001fb9       0x66 ./Core/DahuaEvents/http_digest.o
 .debug_macro   0x0000201f      0x171 ./Core/DahuaEvents/http_digest.o
 .debug_macro   0x00002190       0x3a ./Core/DahuaEvents/http_digest.o
 .debug_macro   0x000021ca       0x54 ./Core/DahuaEvents/http_digest.o
 .debug_macro   0x0000221e      0x158 ./Core/DahuaEvents/md5.o
 .debug_macro   0x00002376      0x179 ./Core/DahuaEvents/parse.o
 .debug_macro   0x000024ef       0x10 ./Core/DahuaEvents/parse.o
 .debug_macro   0x000024ff       0x9d ./Core/Ethernet/W5500/w5500.o
 .debug_macro   0x0000259c      0x1d5 ./Core/Ethernet/eth_w5500.o
 .debug_macro   0x00002771       0x58 ./Core/Ethernet/eth_w5500.o
 .debug_macro   0x000027c9       0x34 ./Core/Ethernet/eth_w5500.o
 .debug_macro   0x000027fd       0xf6 ./Core/Ethernet/socket.o
 .debug_macro   0x000028f3       0x8b ./Core/Ethernet/socket.o
 .debug_macro   0x0000297e       0x94 ./Core/Ethernet/wizchip_conf.o
 .debug_macro   0x00002a12      0x2be ./Core/HttpConfig/config.o
 .debug_macro   0x00002cd0       0x61 ./Core/HttpConfig/config.o
 .debug_macro   0x00002d31      0x1b0 ./Core/HttpLogger/logger.o
 .debug_macro   0x00002ee1       0x1c ./Core/HttpLogger/logger.o
 .debug_macro   0x00002efd      0x2f2 ./Core/Src/main.o
 .debug_macro   0x000031ef       0x16 ./Core/Src/main.o
 .debug_macro   0x00003205       0x16 ./Core/Src/main.o
 .debug_macro   0x0000321b      0x19a ./Core/Src/relay.o
 .debug_macro   0x000033b5      0x193 ./Core/Src/stm32f1xx_hal_msp.o
 .debug_macro   0x00003548      0x19d ./Core/Src/stm32f1xx_it.o
 .debug_macro   0x000036e5      0x112 ./Core/Src/sysmem.o
 .debug_macro   0x000037f7      0x23c ./Core/Src/sysmem.o
 .debug_macro   0x00003a33      0x18a ./Core/Src/system_stm32f1xx.o
 .debug_macro   0x00003bbd      0x1a8 ./Drivers/STM32F1xx_HAL_Driver/Src/stm32f1xx_hal.o
 .debug_macro   0x00003d65      0x184 ./Drivers/STM32F1xx_HAL_Driver/Src/stm32f1xx_hal_cortex.o
 .debug_macro   0x00003ee9      0x184 ./Drivers/STM32F1xx_HAL_Driver/Src/stm32f1xx_hal_flash.o
 .debug_macro   0x0000406d      0x196 ./Drivers/STM32F1xx_HAL_Driver/Src/stm32f1xx_hal_flash_ex.o
 .debug_macro   0x00004203      0x1ef ./Drivers/STM32F1xx_HAL_Driver/Src/stm32f1xx_hal_gpio.o
 .debug_macro   0x000043f2      0x196 ./Drivers/STM32F1xx_HAL_Driver/Src/stm32f1xx_hal_rcc.o
 .debug_macro   0x00004588      0x18c ./Drivers/STM32F1xx_HAL_Driver/Src/stm32f1xx_hal_spi.o

.debug_line     0x00000000    0x10a73
 .debug_line    0x00000000      0x6ef ./Core/DahuaEvents/client.o
 .debug_line    0x000006ef      0x61c ./Core/DahuaEvents/digest.o
 .debug_line    0x00000d0b      0x5fd ./Core/DahuaEvents/hash.o
 .debug_line    0x00001308      0xeab ./Core/DahuaEvents/http_digest.o
 .debug_line    0x000021b3      0xa32 ./Core/DahuaEvents/md5.o
 .debug_line    0x00002be5      0x855 ./Core/DahuaEvents/parse.o
 .debug_line    0x0000343a      0x7a4 ./Core/Ethernet/W5500/w5500.o
 .debug_line    0x00003bde      0x7b8 ./Core/Ethernet/eth_w5500.o
 .debug_line    0x00004396     0x1391 ./Core/Ethernet/socket.o
 .debug_line    0x00005727      0xf39 ./Core/Ethernet/wizchip_conf.o
 .debug_line    0x00006660      0x800 ./Core/HttpConfig/config.o
 .debug_line    0x00006e60      0x73a ./Core/HttpLogger/logger.o
 .debug_line    0x0000759a      0xa4f ./Core/Src/main.o
 .debug_line    0x00007fe9      0x657 ./Core/Src/relay.o
 .debug_line    0x00008640      0x6a1 ./Core/Src/stm32f1xx_hal_msp.o
 .debug_line    0x00008ce1      0x68e ./Core/Src/stm32f1xx_it.o
 .debug_line    0x0000936f      0x4ed ./Core/Src/sysmem.o
 .debug_line    0x0000985c      0x69f ./Core/Src/system_stm32f1xx.o
 .debug_line    0x00009efb       0x76 ./Core/Startup/startup_stm32f103c6tx.o
 .debug_line    0x00009f71      0x8fd ./Drivers/STM32F1xx_HAL_Driver/Src/stm32f1xx_hal.o
 .debug_line    0x0000a86e      0xab8 ./Drivers/STM32F1xx_HAL_Driver/Src/stm32f1xx_hal_cortex.o
 .debug_line    0x0000b326      0xb71 ./Drivers/STM32F1xx_HAL_Driver/Src/stm32f1xx_hal_flash.o
 .debug_line    0x0000be97      0xbda ./Drivers/STM32F1xx_HAL_Driver/Src/stm32f1xx_hal_flash_ex.o
 .debug_line    0x0000ca71      0x982 ./Drivers/STM32F1xx_HAL_Driver/Src/stm32f1xx_hal_gpio.o
 .debug_line    0x0000d3f3     0x106b ./Drivers/STM32F1xx_HAL_Driver/Src/stm32f1xx_hal_rcc.o
 .debug_line    0x0000e45e     0x2615 ./Drivers/STM32F1xx_HAL_Driver/Src/stm32f1xx_hal_spi.o

.debug_str      0x00000000    0x6e09a
 .debug_str     0x00000000    0x6e09a ./Core/DahuaEvents/client.o
                               0x7e74 (size before relaxing)
 .debug_str     0x0006e09a     0x6b44 ./Core/DahuaEvents/digest.o
 .debug_str     0x0006e09a     0x7afb ./Core/DahuaEvents/hash.o
 .debug_str     0x0006e09a    0x69b4f ./Core/DahuaEvents/http_digest.o
 .debug_str     0x0006e09a     0x74b7 ./Core/DahuaEvents/md5.o
 .debug_str     0x0006e09a     0x7154 ./Core/DahuaEvents/parse.o
 .debug_str     0x0006e09a     0x6c09 ./Core/Ethernet/W5500/w5500.o
 .debug_str     0x0006e09a    0x654e4 ./Core/Ethernet/eth_w5500.o
 .debug_str     0x0006e09a     0x7896 ./Core/Ethernet/socket.o
 .debug_str     0x0006e09a     0x7622 ./Core/Ethernet/wizchip_conf.o
 .debug_str     0x0006e09a    0x67ee0 ./Core/HttpConfig/config.o
 .debug_str     0x0006e09a     0xb249 ./Core/HttpLogger/logger.o
 .debug_str     0x0006e09a    0x68df4 ./Core/Src/main.o
 .debug_str     0x0006e09a    0x61eba ./Core/Src/relay.o
 .debug_str     0x0006e09a    0x622fb ./Core/Src/stm32f1xx_hal_msp.o
 .debug_str     0x0006e09a    0x61e9d ./Core/Src/stm32f1xx_it.o
 .debug_str     0x0006e09a     0x7740 ./Core/Src/sysmem.o
 .debug_str     0x0006e09a    0x61e85 ./Core/Src/system_stm32f1xx.o
 .debug_str     0x0006e09a       0x87 ./Core/Startup/startup_stm32f103c6tx.o
 .debug_str     0x0006e09a    0x624f7 ./Drivers/STM32F1xx_HAL_Driver/Src/stm32f1xx_hal.o
 .debug_str     0x0006e09a    0x62450 ./Drivers/STM32F1xx_HAL_Driver/Src/stm32f1xx_hal_cortex.o
 .debug_str     0x0006e09a    0x620e6 ./Drivers/STM32F1xx_HAL_Driver/Src/stm32f1xx_hal_flash.o
 .debug_str     0x0006e09a    0x62276 ./Drivers/STM32F1xx_HAL_Driver/Src/stm32f1xx_hal_flash_ex.o
 .debug_str     0x0006e09a    0x62191 ./Drivers/STM32F1xx_HAL_Driver/Src/stm32f1xx_hal_gpio.o
 .debug_str     0x0006e09a    0x6223a ./Drivers/STM32F1xx_HAL_Driver/Src/stm32f1xx_hal_rcc.o
 .debug_str     0x0006e09a    0x62716 ./Drivers/STM32F1xx_HAL_Driver/Src/stm32f1xx_hal_spi.o

.comment        0x00000000       0x43
 .comment       0x00000000       0x43 ./Core/DahuaEvents/client.o
                                 0x44 (size before relaxing)
 .comment       0x00000043       0x44 ./Core/DahuaEvents/digest.o
 .comment       0x00000043       0x44 ./Core/DahuaEvents/hash.o
 .comment       0x00000043       0x44 ./Core/DahuaEvents/http_digest.o
 .comment       0x00000043       0x44 ./Core/DahuaEvents/md5.o
 .comment       0x00000043       0x44 ./Core/DahuaEvents/parse.o
 .comment       0x00000043       0x44 ./Core/Ethernet/W5500/w5500.o
 .comment       0x00000043       0x44 ./Core/Ethernet/eth_w5500.o
 .comment       0x00000043       0x44 ./Core/Ethernet/socket.o
 .comment       0x00000043       0x44 ./Core/Ethernet/wizchip_conf.o
 .comment       0x00000043       0x44 ./Core/HttpConfig/config.o
 .comment       0x00000043       0x44 ./Core/HttpLogger/logger.o
 .comment       0x00000043       0x44 ./Core/Src/main.o
 .comment       0x00000043       0x44 ./Core/Src/relay.o
 .comment       0x00000043       0x44 ./Core/Src/stm32f1xx_hal_msp.o
 .comment       0x00000043       0x44 ./Core/Src/stm32f1xx_it.o
 .comment       0x00000043       0x44 ./Core/Src/sysmem.o
 .comment       0x00000043       0x44 ./Core/Src/system_stm32f1xx.o
 .comment       0x00000043       0x44 ./Drivers/STM32F1xx_HAL_Driver/Src/stm32f1xx_hal.o
 .comment       0x00000043       0x44 ./Drivers/STM32F1xx_HAL_Driver/Src/stm32f1xx_hal_cortex.o
 .comment       0x00000043       0x44 ./Drivers/STM32F1xx_HAL_Driver/Src/stm32f1xx_hal_flash.o
 .comment       0x00000043       0x44 ./Drivers/STM32F1xx_HAL_Driver/Src/stm32f1xx_hal_flash_ex.o
 .comment       0x00000043       0x44 ./Drivers/STM32F1xx_HAL_Driver/Src/stm32f1xx_hal_gpio.o
 .comment       0x00000043       0x44 ./Drivers/STM32F1xx_HAL_Driver/Src/stm32f1xx_hal_rcc.o
 .comment       0x00000043       0x44 ./Drivers/STM32F1xx_HAL_Driver/Src/stm32f1xx_hal_spi.o

.debug_frame    0x00000000     0x2314
 .debug_frame   0x00000000       0x70 ./Core/DahuaEvents/client.o
 .debug_frame   0x00000070       0x60 ./Core/DahuaEvents/digest.o
 .debug_frame   0x000000d0       0xb4 ./Core/DahuaEvents/hash.o
 .debug_frame   0x00000184       0x7c ./Core/DahuaEvents/http_digest.o
 .debug_frame   0x00000200       0xbc ./Core/DahuaEvents/md5.o
 .debug_frame   0x000002bc       0x88 ./Core/DahuaEvents/parse.o
 .debug_frame   0x00000344      0x178 ./Core/Ethernet/W5500/w5500.o
 .debug_frame   0x000004bc       0xd8 ./Core/Ethernet/eth_w5500.o
 .debug_frame   0x00000594      0x234 ./Core/Ethernet/socket.o
 .debug_frame   0x000007c8      0x3d8 ./Core/Ethernet/wizchip_conf.o
 .debug_frame   0x00000ba0       0x38 ./Core/HttpConfig/config.o
 .debug_frame   0x00000bd8       0xd4 ./Core/HttpLogger/logger.o
 .debug_frame   0x00000cac       0x5c ./Core/Src/main.o
 .debug_frame   0x00000d08       0x68 ./Core/Src/relay.o
 .debug_frame   0x00000d70       0x58 ./Core/Src/stm32f1xx_hal_msp.o
 .debug_frame   0x00000dc8       0xa0 ./Core/Src/stm32f1xx_it.o
 .debug_frame   0x00000e68       0x28 ./Core/Src/sysmem.o
 .debug_frame   0x00000e90       0x30 ./Core/Src/system_stm32f1xx.o
 .debug_frame   0x00000ec0      0x1d4 ./Drivers/STM32F1xx_HAL_Driver/Src/stm32f1xx_hal.o
 .debug_frame   0x00001094      0x120 ./Drivers/STM32F1xx_HAL_Driver/Src/stm32f1xx_hal_cortex.o
 .debug_frame   0x000011b4      0x11c ./Drivers/STM32F1xx_HAL_Driver/Src/stm32f1xx_hal_flash.o
 .debug_frame   0x000012d0       0xe0 ./Drivers/STM32F1xx_HAL_Driver/Src/stm32f1xx_hal_flash_ex.o
 .debug_frame   0x000013b0       0xd8 ./Drivers/STM32F1xx_HAL_Driver/Src/stm32f1xx_hal_gpio.o
 .debug_frame   0x00001488      0x150 ./Drivers/STM32F1xx_HAL_Driver/Src/stm32f1xx_hal_rcc.o
 .debug_frame   0x000015d8      0x584 ./Drivers/STM32F1xx_HAL_Driver/Src/stm32f1xx_hal_spi.o
 .debug_frame   0x00001b5c      0x144 /opt/st/stm32cubeide_1.18.1/plugins/com.st.stm32cube.ide.mcu.externaltools.gnu-tools-for-stm32.13.3.rel1.linux64_1.0.0.202410170706/tools/bin/../lib/gcc/arm-none-eabi/13.3.1/../../../../arm-none-eabi/lib/thumb/v7-m/nofp/libc_nano.a(libc_a-findfp.o)
 .debug_frame   0x00001ca0       0x7c /opt/st/stm32cubeide_1.18.1/plugins/com.st.stm32cube.ide.mcu.externaltools.gnu-tools-for-stm32.13.3.rel1.linux64_1.0.0.202410170706/tools/bin/../lib/gcc/arm-none-eabi/13.3.1/../../../../arm-none-eabi/lib/thumb/v7-m/nofp/libc_nano.a(libc_a-snprintf.o)
 .debug_frame   0x00001d1c       0x74 /opt/st/stm32cubeide_1.18.1/plugins/com.st.stm32cube.ide.mcu.externaltools.gnu-tools-for-stm32.13.3.rel1.linux64_1.0.0.202410170706/tools/bin/../lib/gcc/arm-none-eabi/13.3.1/../../../../arm-none-eabi/lib/thumb/v7-m/nofp/libc_nano.a(libc_a-sprintf.o)
 .debug_frame   0x00001d90       0x4c /opt/st/stm32cubeide_1.18.1/plugins/com.st.stm32cube.ide.mcu.externaltools.gnu-tools-for-stm32.13.3.rel1.linux64_1.0.0.202410170706/tools/bin/../lib/gcc/arm-none-eabi/13.3.1/../../../../arm-none-eabi/lib/thumb/v7-m/nofp/libc_nano.a(libc_a-vsnprintf.o)
 .debug_frame   0x00001ddc       0x20 /opt/st/stm32cubeide_1.18.1/plugins/com.st.stm32cube.ide.mcu.externaltools.gnu-tools-for-stm32.13.3.rel1.linux64_1.0.0.202410170706/tools/bin/../lib/gcc/arm-none-eabi/13.3.1/../../../../arm-none-eabi/lib/thumb/v7-m/nofp/libc_nano.a(libc_a-memset.o)
 .debug_frame   0x00001dfc       0x20 /opt/st/stm32cubeide_1.18.1/plugins/com.st.stm32cube.ide.mcu.externaltools.gnu-tools-for-stm32.13.3.rel1.linux64_1.0.0.202410170706/tools/bin/../lib/gcc/arm-none-eabi/13.3.1/../../../../arm-none-eabi/lib/thumb/v7-m/nofp/libc_nano.a(libc_a-strchr.o)
 .debug_frame   0x00001e1c       0x20 /opt/st/stm32cubeide_1.18.1/plugins/com.st.stm32cube.ide.mcu.externaltools.gnu-tools-for-stm32.13.3.rel1.linux64_1.0.0.202410170706/tools/bin/../lib/gcc/arm-none-eabi/13.3.1/../../../../arm-none-eabi/lib/thumb/v7-m/nofp/libc_nano.a(libc_a-strdup.o)
 .debug_frame   0x00001e3c       0x2c /opt/st/stm32cubeide_1.18.1/plugins/com.st.stm32cube.ide.mcu.externaltools.gnu-tools-for-stm32.13.3.rel1.linux64_1.0.0.202410170706/tools/bin/../lib/gcc/arm-none-eabi/13.3.1/../../../../arm-none-eabi/lib/thumb/v7-m/nofp/libc_nano.a(libc_a-strdup_r.o)
 .debug_frame   0x00001e68       0x28 /opt/st/stm32cubeide_1.18.1/plugins/com.st.stm32cube.ide.mcu.externaltools.gnu-tools-for-stm32.13.3.rel1.linux64_1.0.0.202410170706/tools/bin/../lib/gcc/arm-none-eabi/13.3.1/../../../../arm-none-eabi/lib/thumb/v7-m/nofp/libc_nano.a(libc_a-strncmp.o)
 .debug_frame   0x00001e90       0x2c /opt/st/stm32cubeide_1.18.1/plugins/com.st.stm32cube.ide.mcu.externaltools.gnu-tools-for-stm32.13.3.rel1.linux64_1.0.0.202410170706/tools/bin/../lib/gcc/arm-none-eabi/13.3.1/../../../../arm-none-eabi/lib/thumb/v7-m/nofp/libc_nano.a(libc_a-strstr.o)
 .debug_frame   0x00001ebc       0x30 /opt/st/stm32cubeide_1.18.1/plugins/com.st.stm32cube.ide.mcu.externaltools.gnu-tools-for-stm32.13.3.rel1.linux64_1.0.0.202410170706/tools/bin/../lib/gcc/arm-none-eabi/13.3.1/../../../../arm-none-eabi/lib/thumb/v7-m/nofp/libc_nano.a(libc_a-time.o)
 .debug_frame   0x00001eec       0x38 /opt/st/stm32cubeide_1.18.1/plugins/com.st.stm32cube.ide.mcu.externaltools.gnu-tools-for-stm32.13.3.rel1.linux64_1.0.0.202410170706/tools/bin/../lib/gcc/arm-none-eabi/13.3.1/../../../../arm-none-eabi/lib/thumb/v7-m/nofp/libc_nano.a(libc_a-reent.o)
 .debug_frame   0x00001f24       0x2c /opt/st/stm32cubeide_1.18.1/plugins/com.st.stm32cube.ide.mcu.externaltools.gnu-tools-for-stm32.13.3.rel1.linux64_1.0.0.202410170706/tools/bin/../lib/gcc/arm-none-eabi/13.3.1/../../../../arm-none-eabi/lib/thumb/v7-m/nofp/libc_nano.a(libc_a-gettimeofdayr.o)
 .debug_frame   0x00001f50       0x20 /opt/st/stm32cubeide_1.18.1/plugins/com.st.stm32cube.ide.mcu.externaltools.gnu-tools-for-stm32.13.3.rel1.linux64_1.0.0.202410170706/tools/bin/../lib/gcc/arm-none-eabi/13.3.1/../../../../arm-none-eabi/lib/thumb/v7-m/nofp/libc_nano.a(libc_a-errno.o)